[2024-07-24T22:30:44.575+0530][gc] Using G1
[2024-07-24T22:30:44.579+0530][gc,init] Version: 17.0.10+8-LTS (release)
[2024-07-24T22:30:44.579+0530][gc,init] CPUs: 8 total, 8 available
[2024-07-24T22:30:44.579+0530][gc,init] Memory: 15828M
[2024-07-24T22:30:44.579+0530][gc,init] Large Page Support: Disabled
[2024-07-24T22:30:44.579+0530][gc,init] NUMA Support: Disabled
[2024-07-24T22:30:44.579+0530][gc,init] Compressed Oops: Enabled (32-bit)
[2024-07-24T22:30:44.579+0530][gc,init] Heap Region Size: 1M
[2024-07-24T22:30:44.579+0530][gc,init] Heap Min Capacity: 1G
[2024-07-24T22:30:44.579+0530][gc,init] Heap Initial Capacity: 1G
[2024-07-24T22:30:44.579+0530][gc,init] Heap Max Capacity: 1G
[2024-07-24T22:30:44.579+0530][gc,init] Pre-touch: Disabled
[2024-07-24T22:30:44.579+0530][gc,init] Parallel Workers: 8
[2024-07-24T22:30:44.579+0530][gc,init] Concurrent Workers: 2
[2024-07-24T22:30:44.579+0530][gc,init] Concurrent Refinement Workers: 8
[2024-07-24T22:30:44.579+0530][gc,init] Periodic GC: Disabled
[2024-07-24T22:30:44.585+0530][gc,metaspace] CDS archive(s) mapped at: [0x00007fe9af000000-0x00007fe9afbc7000-0x00007fe9afbc7000), size 12349440, SharedBaseAddress: 0x00007fe9af000000, ArchiveRelocationMode: 1.
[2024-07-24T22:30:44.585+0530][gc,metaspace] Compressed class space mapped at: 0x00007fe9b0000000-0x00007fe9f0000000, reserved size: 1073741824
[2024-07-24T22:30:44.585+0530][gc,metaspace] Narrow klass base: 0x00007fe9af000000, Narrow klass shift: 0, Narrow klass range: 0x100000000
[2024-07-24T22:30:45.705+0530][gc,start    ] GC(0) Pause Young (Normal) (G1 Evacuation Pause)
[2024-07-24T22:30:45.705+0530][gc,task     ] GC(0) Using 8 workers of 8 for evacuation
[2024-07-24T22:30:45.709+0530][gc,phases   ] GC(0)   Pre Evacuate Collection Set: 0.1ms
[2024-07-24T22:30:45.709+0530][gc,phases   ] GC(0)   Merge Heap Roots: 0.0ms
[2024-07-24T22:30:45.709+0530][gc,phases   ] GC(0)   Evacuate Collection Set: 2.8ms
[2024-07-24T22:30:45.709+0530][gc,phases   ] GC(0)   Post Evacuate Collection Set: 0.4ms
[2024-07-24T22:30:45.709+0530][gc,phases   ] GC(0)   Other: 0.4ms
[2024-07-24T22:30:45.709+0530][gc,heap     ] GC(0) Eden regions: 51->0(44)
[2024-07-24T22:30:45.709+0530][gc,heap     ] GC(0) Survivor regions: 0->7(7)
[2024-07-24T22:30:45.709+0530][gc,heap     ] GC(0) Old regions: 0->1
[2024-07-24T22:30:45.709+0530][gc,heap     ] GC(0) Archive regions: 2->2
[2024-07-24T22:30:45.709+0530][gc,heap     ] GC(0) Humongous regions: 0->0
[2024-07-24T22:30:45.709+0530][gc,metaspace] GC(0) Metaspace: 18895K(19136K)->18895K(19136K) NonClass: 16461K(16576K)->16461K(16576K) Class: 2433K(2560K)->2433K(2560K)
[2024-07-24T22:30:45.709+0530][gc          ] GC(0) Pause Young (Normal) (G1 Evacuation Pause) 51M->8M(1024M) 3.794ms
[2024-07-24T22:30:45.709+0530][gc,cpu      ] GC(0) User=0.03s Sys=0.00s Real=0.01s
[2024-07-24T22:30:45.872+0530][gc,start    ] GC(1) Pause Young (Concurrent Start) (Metadata GC Threshold)
[2024-07-24T22:30:45.872+0530][gc,task     ] GC(1) Using 8 workers of 8 for evacuation
[2024-07-24T22:30:45.876+0530][gc,phases   ] GC(1)   Pre Evacuate Collection Set: 0.1ms
[2024-07-24T22:30:45.876+0530][gc,phases   ] GC(1)   Merge Heap Roots: 0.0ms
[2024-07-24T22:30:45.876+0530][gc,phases   ] GC(1)   Evacuate Collection Set: 3.2ms
[2024-07-24T22:30:45.876+0530][gc,phases   ] GC(1)   Post Evacuate Collection Set: 0.3ms
[2024-07-24T22:30:45.876+0530][gc,phases   ] GC(1)   Other: 0.2ms
[2024-07-24T22:30:45.876+0530][gc,heap     ] GC(1) Eden regions: 9->0(49)
[2024-07-24T22:30:45.876+0530][gc,heap     ] GC(1) Survivor regions: 7->2(7)
[2024-07-24T22:30:45.876+0530][gc,heap     ] GC(1) Old regions: 1->8
[2024-07-24T22:30:45.876+0530][gc,heap     ] GC(1) Archive regions: 2->2
[2024-07-24T22:30:45.876+0530][gc,heap     ] GC(1) Humongous regions: 0->0
[2024-07-24T22:30:45.876+0530][gc,metaspace] GC(1) Metaspace: 21317K(21504K)->21317K(21504K) NonClass: 18499K(18624K)->18499K(18624K) Class: 2818K(2880K)->2818K(2880K)
[2024-07-24T22:30:45.876+0530][gc          ] GC(1) Pause Young (Concurrent Start) (Metadata GC Threshold) 17M->9M(1024M) 3.828ms
[2024-07-24T22:30:45.876+0530][gc,cpu      ] GC(1) User=0.02s Sys=0.01s Real=0.00s
[2024-07-24T22:30:45.876+0530][gc          ] GC(2) Concurrent Mark Cycle
[2024-07-24T22:30:45.876+0530][gc,marking  ] GC(2) Concurrent Clear Claimed Marks
[2024-07-24T22:30:45.876+0530][gc,marking  ] GC(2) Concurrent Clear Claimed Marks 0.019ms
[2024-07-24T22:30:45.876+0530][gc,marking  ] GC(2) Concurrent Scan Root Regions
[2024-07-24T22:30:45.878+0530][gc,marking  ] GC(2) Concurrent Scan Root Regions 2.214ms
[2024-07-24T22:30:45.878+0530][gc,marking  ] GC(2) Concurrent Mark
[2024-07-24T22:30:45.878+0530][gc,marking  ] GC(2) Concurrent Mark From Roots
[2024-07-24T22:30:45.878+0530][gc,task     ] GC(2) Using 2 workers of 2 for marking
[2024-07-24T22:30:45.879+0530][gc,marking  ] GC(2) Concurrent Mark From Roots 1.312ms
[2024-07-24T22:30:45.879+0530][gc,marking  ] GC(2) Concurrent Preclean
[2024-07-24T22:30:45.879+0530][gc,marking  ] GC(2) Concurrent Preclean 0.057ms
[2024-07-24T22:30:45.879+0530][gc,start    ] GC(2) Pause Remark
[2024-07-24T22:30:45.881+0530][gc          ] GC(2) Pause Remark 10M->10M(1024M) 1.397ms
[2024-07-24T22:30:45.881+0530][gc,cpu      ] GC(2) User=0.00s Sys=0.00s Real=0.01s
[2024-07-24T22:30:45.881+0530][gc,marking  ] GC(2) Concurrent Mark 2.941ms
[2024-07-24T22:30:45.881+0530][gc,marking  ] GC(2) Concurrent Rebuild Remembered Sets
[2024-07-24T22:30:45.883+0530][gc,marking  ] GC(2) Concurrent Rebuild Remembered Sets 2.128ms
[2024-07-24T22:30:45.883+0530][gc,start    ] GC(2) Pause Cleanup
[2024-07-24T22:30:45.883+0530][gc          ] GC(2) Pause Cleanup 10M->10M(1024M) 0.098ms
[2024-07-24T22:30:45.883+0530][gc,cpu      ] GC(2) User=0.00s Sys=0.00s Real=0.00s
[2024-07-24T22:30:45.883+0530][gc,marking  ] GC(2) Concurrent Cleanup for Next Mark
[2024-07-24T22:30:45.886+0530][gc,marking  ] GC(2) Concurrent Cleanup for Next Mark 2.890ms
[2024-07-24T22:30:45.886+0530][gc          ] GC(2) Concurrent Mark Cycle 10.542ms
[2024-07-24T22:30:46.551+0530][gc,start    ] GC(3) Pause Young (Normal) (G1 Evacuation Pause)
[2024-07-24T22:30:46.551+0530][gc,task     ] GC(3) Using 8 workers of 8 for evacuation
[2024-07-24T22:30:46.555+0530][gc,phases   ] GC(3)   Pre Evacuate Collection Set: 0.1ms
[2024-07-24T22:30:46.555+0530][gc,phases   ] GC(3)   Merge Heap Roots: 0.0ms
[2024-07-24T22:30:46.555+0530][gc,phases   ] GC(3)   Evacuate Collection Set: 3.8ms
[2024-07-24T22:30:46.555+0530][gc,phases   ] GC(3)   Post Evacuate Collection Set: 0.4ms
[2024-07-24T22:30:46.555+0530][gc,phases   ] GC(3)   Other: 0.1ms
[2024-07-24T22:30:46.555+0530][gc,heap     ] GC(3) Eden regions: 49->0(44)
[2024-07-24T22:30:46.555+0530][gc,heap     ] GC(3) Survivor regions: 2->7(7)
[2024-07-24T22:30:46.555+0530][gc,heap     ] GC(3) Old regions: 8->8
[2024-07-24T22:30:46.555+0530][gc,heap     ] GC(3) Archive regions: 2->2
[2024-07-24T22:30:46.555+0530][gc,heap     ] GC(3) Humongous regions: 129->129
[2024-07-24T22:30:46.555+0530][gc,metaspace] GC(3) Metaspace: 32681K(32960K)->32681K(32960K) NonClass: 28746K(28864K)->28746K(28864K) Class: 3934K(4096K)->3934K(4096K)
[2024-07-24T22:30:46.555+0530][gc          ] GC(3) Pause Young (Normal) (G1 Evacuation Pause) 187M->144M(1024M) 4.450ms
[2024-07-24T22:30:46.555+0530][gc,cpu      ] GC(3) User=0.03s Sys=0.00s Real=0.00s
[2024-07-24T22:30:46.788+0530][gc,start    ] GC(4) Pause Young (Concurrent Start) (Metadata GC Threshold)
[2024-07-24T22:30:46.788+0530][gc,task     ] GC(4) Using 8 workers of 8 for evacuation
[2024-07-24T22:30:46.794+0530][gc,phases   ] GC(4)   Pre Evacuate Collection Set: 0.1ms
[2024-07-24T22:30:46.794+0530][gc,phases   ] GC(4)   Merge Heap Roots: 0.0ms
[2024-07-24T22:30:46.794+0530][gc,phases   ] GC(4)   Evacuate Collection Set: 5.5ms
[2024-07-24T22:30:46.794+0530][gc,phases   ] GC(4)   Post Evacuate Collection Set: 0.4ms
[2024-07-24T22:30:46.794+0530][gc,phases   ] GC(4)   Other: 0.1ms
[2024-07-24T22:30:46.794+0530][gc,heap     ] GC(4) Eden regions: 14->0(49)
[2024-07-24T22:30:46.794+0530][gc,heap     ] GC(4) Survivor regions: 7->2(7)
[2024-07-24T22:30:46.794+0530][gc,heap     ] GC(4) Old regions: 8->14
[2024-07-24T22:30:46.794+0530][gc,heap     ] GC(4) Archive regions: 2->2
[2024-07-24T22:30:46.794+0530][gc,heap     ] GC(4) Humongous regions: 129->129
[2024-07-24T22:30:46.794+0530][gc,metaspace] GC(4) Metaspace: 35882K(36096K)->35882K(36096K) NonClass: 31512K(31616K)->31512K(31616K) Class: 4369K(4480K)->4369K(4480K)
[2024-07-24T22:30:46.794+0530][gc          ] GC(4) Pause Young (Concurrent Start) (Metadata GC Threshold) 157M->144M(1024M) 6.274ms
[2024-07-24T22:30:46.794+0530][gc,cpu      ] GC(4) User=0.05s Sys=0.01s Real=0.01s
[2024-07-24T22:30:46.794+0530][gc          ] GC(5) Concurrent Mark Cycle
[2024-07-24T22:30:46.794+0530][gc,marking  ] GC(5) Concurrent Clear Claimed Marks
[2024-07-24T22:30:46.794+0530][gc,marking  ] GC(5) Concurrent Clear Claimed Marks 0.026ms
[2024-07-24T22:30:46.794+0530][gc,marking  ] GC(5) Concurrent Scan Root Regions
[2024-07-24T22:30:46.797+0530][gc,marking  ] GC(5) Concurrent Scan Root Regions 2.641ms
[2024-07-24T22:30:46.797+0530][gc,marking  ] GC(5) Concurrent Mark
[2024-07-24T22:30:46.797+0530][gc,marking  ] GC(5) Concurrent Mark From Roots
[2024-07-24T22:30:46.797+0530][gc,task     ] GC(5) Using 2 workers of 2 for marking
[2024-07-24T22:30:46.802+0530][gc,marking  ] GC(5) Concurrent Mark From Roots 5.591ms
[2024-07-24T22:30:46.802+0530][gc,marking  ] GC(5) Concurrent Preclean
[2024-07-24T22:30:46.803+0530][gc,marking  ] GC(5) Concurrent Preclean 0.123ms
[2024-07-24T22:30:46.803+0530][gc,start    ] GC(5) Pause Remark
[2024-07-24T22:30:46.804+0530][gc          ] GC(5) Pause Remark 145M->145M(1024M) 1.230ms
[2024-07-24T22:30:46.804+0530][gc,cpu      ] GC(5) User=0.01s Sys=0.00s Real=0.00s
[2024-07-24T22:30:46.804+0530][gc,marking  ] GC(5) Concurrent Mark 7.102ms
[2024-07-24T22:30:46.804+0530][gc,marking  ] GC(5) Concurrent Rebuild Remembered Sets
[2024-07-24T22:30:46.809+0530][gc,marking  ] GC(5) Concurrent Rebuild Remembered Sets 5.335ms
[2024-07-24T22:30:46.809+0530][gc,start    ] GC(5) Pause Cleanup
[2024-07-24T22:30:46.810+0530][gc          ] GC(5) Pause Cleanup 146M->146M(1024M) 0.142ms
[2024-07-24T22:30:46.810+0530][gc,cpu      ] GC(5) User=0.00s Sys=0.00s Real=0.00s
[2024-07-24T22:30:46.810+0530][gc,marking  ] GC(5) Concurrent Cleanup for Next Mark
[2024-07-24T22:30:46.813+0530][gc,marking  ] GC(5) Concurrent Cleanup for Next Mark 3.427ms
[2024-07-24T22:30:46.813+0530][gc          ] GC(5) Concurrent Mark Cycle 19.031ms
[2024-07-24T22:40:44.310+0530][gc,start    ] GC(6) Pause Young (Normal) (G1 Evacuation Pause)
[2024-07-24T22:40:44.310+0530][gc,task     ] GC(6) Using 8 workers of 8 for evacuation
[2024-07-24T22:40:44.313+0530][gc,phases   ] GC(6)   Pre Evacuate Collection Set: 0.1ms
[2024-07-24T22:40:44.313+0530][gc,phases   ] GC(6)   Merge Heap Roots: 0.0ms
[2024-07-24T22:40:44.313+0530][gc,phases   ] GC(6)   Evacuate Collection Set: 2.3ms
[2024-07-24T22:40:44.313+0530][gc,phases   ] GC(6)   Post Evacuate Collection Set: 0.5ms
[2024-07-24T22:40:44.313+0530][gc,phases   ] GC(6)   Other: 0.1ms
[2024-07-24T22:40:44.313+0530][gc,heap     ] GC(6) Eden regions: 49->0(47)
[2024-07-24T22:40:44.313+0530][gc,heap     ] GC(6) Survivor regions: 2->4(7)
[2024-07-24T22:40:44.313+0530][gc,heap     ] GC(6) Old regions: 14->14
[2024-07-24T22:40:44.313+0530][gc,heap     ] GC(6) Archive regions: 2->2
[2024-07-24T22:40:44.313+0530][gc,heap     ] GC(6) Humongous regions: 129->129
[2024-07-24T22:40:44.313+0530][gc,metaspace] GC(6) Metaspace: 41936K(42560K)->41936K(42560K) NonClass: 36552K(36928K)->36552K(36928K) Class: 5383K(5632K)->5383K(5632K)
[2024-07-24T22:40:44.313+0530][gc          ] GC(6) Pause Young (Normal) (G1 Evacuation Pause) 193M->147M(1024M) 3.173ms
[2024-07-24T22:40:44.313+0530][gc,cpu      ] GC(6) User=0.02s Sys=0.00s Real=0.00s
[2024-07-25T07:49:27.471+0530][gc,start    ] GC(7) Pause Young (Normal) (G1 Evacuation Pause)
[2024-07-25T07:49:27.471+0530][gc,task     ] GC(7) Using 8 workers of 8 for evacuation
[2024-07-25T07:49:27.475+0530][gc,phases   ] GC(7)   Pre Evacuate Collection Set: 0.1ms
[2024-07-25T07:49:27.475+0530][gc,phases   ] GC(7)   Merge Heap Roots: 0.0ms
[2024-07-25T07:49:27.475+0530][gc,phases   ] GC(7)   Evacuate Collection Set: 3.6ms
[2024-07-25T07:49:27.475+0530][gc,phases   ] GC(7)   Post Evacuate Collection Set: 0.4ms
[2024-07-25T07:49:27.475+0530][gc,phases   ] GC(7)   Other: 0.1ms
[2024-07-25T07:49:27.475+0530][gc,heap     ] GC(7) Eden regions: 47->0(47)
[2024-07-25T07:49:27.475+0530][gc,heap     ] GC(7) Survivor regions: 4->4(7)
[2024-07-25T07:49:27.475+0530][gc,heap     ] GC(7) Old regions: 14->15
[2024-07-25T07:49:27.475+0530][gc,heap     ] GC(7) Archive regions: 2->2
[2024-07-25T07:49:27.475+0530][gc,heap     ] GC(7) Humongous regions: 129->129
[2024-07-25T07:49:27.475+0530][gc,metaspace] GC(7) Metaspace: 43429K(44032K)->43429K(44032K) NonClass: 37886K(38208K)->37886K(38208K) Class: 5542K(5824K)->5542K(5824K)
[2024-07-25T07:49:27.475+0530][gc          ] GC(7) Pause Young (Normal) (G1 Evacuation Pause) 194M->148M(1024M) 4.366ms
[2024-07-25T07:49:27.475+0530][gc,cpu      ] GC(7) User=0.03s Sys=0.00s Real=0.01s
[2024-07-25T08:03:56.979+0530][gc,start    ] GC(8) Pause Young (Normal) (G1 Evacuation Pause)
[2024-07-25T08:03:56.979+0530][gc,task     ] GC(8) Using 8 workers of 8 for evacuation
[2024-07-25T08:03:56.998+0530][gc,phases   ] GC(8)   Pre Evacuate Collection Set: 0.8ms
[2024-07-25T08:03:56.998+0530][gc,phases   ] GC(8)   Merge Heap Roots: 0.5ms
[2024-07-25T08:03:56.998+0530][gc,phases   ] GC(8)   Evacuate Collection Set: 13.6ms
[2024-07-25T08:03:56.998+0530][gc,phases   ] GC(8)   Post Evacuate Collection Set: 3.7ms
[2024-07-25T08:03:56.998+0530][gc,phases   ] GC(8)   Other: 0.3ms
[2024-07-25T08:03:56.998+0530][gc,heap     ] GC(8) Eden regions: 47->0(58)
[2024-07-25T08:03:56.998+0530][gc,heap     ] GC(8) Survivor regions: 4->2(7)
[2024-07-25T08:03:56.998+0530][gc,heap     ] GC(8) Old regions: 15->18
[2024-07-25T08:03:56.998+0530][gc,heap     ] GC(8) Archive regions: 2->2
[2024-07-25T08:03:56.998+0530][gc,heap     ] GC(8) Humongous regions: 129->129
[2024-07-25T08:03:56.998+0530][gc,metaspace] GC(8) Metaspace: 43994K(44608K)->43994K(44608K) NonClass: 38450K(38784K)->38450K(38784K) Class: 5543K(5824K)->5543K(5824K)
[2024-07-25T08:03:56.998+0530][gc          ] GC(8) Pause Young (Normal) (G1 Evacuation Pause) 195M->148M(1024M) 18.894ms
[2024-07-25T08:03:56.998+0530][gc,cpu      ] GC(8) User=0.04s Sys=0.00s Real=0.02s
[2024-07-25T08:25:47.746+0530][gc,start    ] GC(9) Pause Young (Normal) (G1 Evacuation Pause)
[2024-07-25T08:25:47.747+0530][gc,task     ] GC(9) Using 8 workers of 8 for evacuation
[2024-07-25T08:25:47.754+0530][gc,phases   ] GC(9)   Pre Evacuate Collection Set: 0.4ms
[2024-07-25T08:25:47.754+0530][gc,phases   ] GC(9)   Merge Heap Roots: 0.2ms
[2024-07-25T08:25:47.754+0530][gc,phases   ] GC(9)   Evacuate Collection Set: 5.5ms
[2024-07-25T08:25:47.754+0530][gc,phases   ] GC(9)   Post Evacuate Collection Set: 1.3ms
[2024-07-25T08:25:47.754+0530][gc,phases   ] GC(9)   Other: 0.3ms
[2024-07-25T08:25:47.754+0530][gc,heap     ] GC(9) Eden regions: 58->0(244)
[2024-07-25T08:25:47.754+0530][gc,heap     ] GC(9) Survivor regions: 2->2(8)
[2024-07-25T08:25:47.754+0530][gc,heap     ] GC(9) Old regions: 18->18
[2024-07-25T08:25:47.754+0530][gc,heap     ] GC(9) Archive regions: 2->2
[2024-07-25T08:25:47.754+0530][gc,heap     ] GC(9) Humongous regions: 129->129
[2024-07-25T08:25:47.754+0530][gc,metaspace] GC(9) Metaspace: 44256K(44864K)->44256K(44864K) NonClass: 38708K(39040K)->38708K(39040K) Class: 5548K(5824K)->5548K(5824K)
[2024-07-25T08:25:47.754+0530][gc          ] GC(9) Pause Young (Normal) (G1 Evacuation Pause) 206M->148M(1024M) 7.906ms
[2024-07-25T08:25:47.754+0530][gc,cpu      ] GC(9) User=0.03s Sys=0.00s Real=0.01s
[2024-07-25T09:44:01.373+0530][gc,start    ] GC(10) Pause Young (Normal) (G1 Evacuation Pause)
[2024-07-25T09:44:01.373+0530][gc,task     ] GC(10) Using 8 workers of 8 for evacuation
[2024-07-25T09:44:01.383+0530][gc,phases   ] GC(10)   Pre Evacuate Collection Set: 0.3ms
[2024-07-25T09:44:01.383+0530][gc,phases   ] GC(10)   Merge Heap Roots: 0.2ms
[2024-07-25T09:44:01.383+0530][gc,phases   ] GC(10)   Evacuate Collection Set: 6.7ms
[2024-07-25T09:44:01.383+0530][gc,phases   ] GC(10)   Post Evacuate Collection Set: 1.4ms
[2024-07-25T09:44:01.383+0530][gc,phases   ] GC(10)   Other: 0.5ms
[2024-07-25T09:44:01.383+0530][gc,heap     ] GC(10) Eden regions: 244->0(272)
[2024-07-25T09:44:01.383+0530][gc,heap     ] GC(10) Survivor regions: 2->3(31)
[2024-07-25T09:44:01.383+0530][gc,heap     ] GC(10) Old regions: 18->18
[2024-07-25T09:44:01.383+0530][gc,heap     ] GC(10) Archive regions: 2->2
[2024-07-25T09:44:01.383+0530][gc,heap     ] GC(10) Humongous regions: 129->129
[2024-07-25T09:44:01.383+0530][gc,metaspace] GC(10) Metaspace: 44879K(45440K)->44879K(45440K) NonClass: 39325K(39616K)->39325K(39616K) Class: 5554K(5824K)->5554K(5824K)
[2024-07-25T09:44:01.383+0530][gc          ] GC(10) Pause Young (Normal) (G1 Evacuation Pause) 392M->149M(1024M) 9.382ms
[2024-07-25T09:44:01.383+0530][gc,cpu      ] GC(10) User=0.04s Sys=0.01s Real=0.02s
[2024-07-25T11:00:05.879+0530][gc,start    ] GC(11) Pause Young (Normal) (G1 Evacuation Pause)
[2024-07-25T11:00:05.879+0530][gc,task     ] GC(11) Using 8 workers of 8 for evacuation
[2024-07-25T11:00:05.892+0530][gc,phases   ] GC(11)   Pre Evacuate Collection Set: 0.4ms
[2024-07-25T11:00:05.892+0530][gc,phases   ] GC(11)   Merge Heap Roots: 0.4ms
[2024-07-25T11:00:05.892+0530][gc,phases   ] GC(11)   Evacuate Collection Set: 10.1ms
[2024-07-25T11:00:05.892+0530][gc,phases   ] GC(11)   Post Evacuate Collection Set: 1.6ms
[2024-07-25T11:00:05.892+0530][gc,phases   ] GC(11)   Other: 0.5ms
[2024-07-25T11:00:05.892+0530][gc,heap     ] GC(11) Eden regions: 272->0(296)
[2024-07-25T11:00:05.892+0530][gc,heap     ] GC(11) Survivor regions: 3->4(35)
[2024-07-25T11:00:05.892+0530][gc,heap     ] GC(11) Old regions: 18->18
[2024-07-25T11:00:05.892+0530][gc,heap     ] GC(11) Archive regions: 2->2
[2024-07-25T11:00:05.892+0530][gc,heap     ] GC(11) Humongous regions: 129->129
[2024-07-25T11:00:05.892+0530][gc,metaspace] GC(11) Metaspace: 45150K(45824K)->45150K(45824K) NonClass: 39557K(39936K)->39557K(39936K) Class: 5593K(5888K)->5593K(5888K)
[2024-07-25T11:00:05.892+0530][gc          ] GC(11) Pause Young (Normal) (G1 Evacuation Pause) 421M->150M(1024M) 13.225ms
[2024-07-25T11:00:05.892+0530][gc,cpu      ] GC(11) User=0.07s Sys=0.01s Real=0.01s
[2024-07-25T11:24:24.997+0530][gc,heap,exit] Heap
[2024-07-25T11:24:24.997+0530][gc,heap,exit]  garbage-first heap   total 1048576K, used 255593K [0x00000000c0000000, 0x0000000100000000)
[2024-07-25T11:24:24.997+0530][gc,heap,exit]   region size 1024K, 103 young (105472K), 4 survivors (4096K)
[2024-07-25T11:24:24.997+0530][gc,heap,exit]  Metaspace       used 45980K, committed 46656K, reserved 1114112K
[2024-07-25T11:24:24.997+0530][gc,heap,exit]   class space    used 5769K, committed 6080K, reserved 1048576K
