[2024-07-25T17:54:56.921+0530][gc] Using G1
[2024-07-25T17:54:56.925+0530][gc,init] Version: 17.0.10+8-LTS (release)
[2024-07-25T17:54:56.925+0530][gc,init] CPUs: 8 total, 8 available
[2024-07-25T17:54:56.925+0530][gc,init] Memory: 15828M
[2024-07-25T17:54:56.925+0530][gc,init] Large Page Support: Disabled
[2024-07-25T17:54:56.925+0530][gc,init] NUMA Support: Disabled
[2024-07-25T17:54:56.925+0530][gc,init] Compressed Oops: Enabled (32-bit)
[2024-07-25T17:54:56.925+0530][gc,init] Heap Region Size: 1M
[2024-07-25T17:54:56.925+0530][gc,init] Heap Min Capacity: 1G
[2024-07-25T17:54:56.925+0530][gc,init] Heap Initial Capacity: 1G
[2024-07-25T17:54:56.925+0530][gc,init] Heap Max Capacity: 1G
[2024-07-25T17:54:56.925+0530][gc,init] Pre-touch: Disabled
[2024-07-25T17:54:56.925+0530][gc,init] Parallel Workers: 8
[2024-07-25T17:54:56.925+0530][gc,init] Concurrent Workers: 2
[2024-07-25T17:54:56.925+0530][gc,init] Concurrent Refinement Workers: 8
[2024-07-25T17:54:56.925+0530][gc,init] Periodic GC: Disabled
[2024-07-25T17:54:56.931+0530][gc,metaspace] CDS archive(s) mapped at: [0x00007f0923000000-0x00007f0923bc7000-0x00007f0923bc7000), size 12349440, SharedBaseAddress: 0x00007f0923000000, ArchiveRelocationMode: 1.
[2024-07-25T17:54:56.931+0530][gc,metaspace] Compressed class space mapped at: 0x00007f0924000000-0x00007f0964000000, reserved size: 1073741824
[2024-07-25T17:54:56.931+0530][gc,metaspace] Narrow klass base: 0x00007f0923000000, Narrow klass shift: 0, Narrow klass range: 0x100000000
[2024-07-25T17:54:58.086+0530][gc,start    ] GC(0) Pause Young (Normal) (G1 Evacuation Pause)
[2024-07-25T17:54:58.086+0530][gc,task     ] GC(0) Using 8 workers of 8 for evacuation
[2024-07-25T17:54:58.090+0530][gc,phases   ] GC(0)   Pre Evacuate Collection Set: 0.1ms
[2024-07-25T17:54:58.090+0530][gc,phases   ] GC(0)   Merge Heap Roots: 0.0ms
[2024-07-25T17:54:58.090+0530][gc,phases   ] GC(0)   Evacuate Collection Set: 3.7ms
[2024-07-25T17:54:58.090+0530][gc,phases   ] GC(0)   Post Evacuate Collection Set: 0.5ms
[2024-07-25T17:54:58.090+0530][gc,phases   ] GC(0)   Other: 0.4ms
[2024-07-25T17:54:58.090+0530][gc,heap     ] GC(0) Eden regions: 51->0(44)
[2024-07-25T17:54:58.090+0530][gc,heap     ] GC(0) Survivor regions: 0->7(7)
[2024-07-25T17:54:58.090+0530][gc,heap     ] GC(0) Old regions: 0->2
[2024-07-25T17:54:58.090+0530][gc,heap     ] GC(0) Archive regions: 2->2
[2024-07-25T17:54:58.090+0530][gc,heap     ] GC(0) Humongous regions: 0->0
[2024-07-25T17:54:58.090+0530][gc,metaspace] GC(0) Metaspace: 18935K(19200K)->18935K(19200K) NonClass: 16510K(16640K)->16510K(16640K) Class: 2424K(2560K)->2424K(2560K)
[2024-07-25T17:54:58.090+0530][gc          ] GC(0) Pause Young (Normal) (G1 Evacuation Pause) 51M->8M(1024M) 4.771ms
[2024-07-25T17:54:58.090+0530][gc,cpu      ] GC(0) User=0.02s Sys=0.00s Real=0.00s
[2024-07-25T17:54:58.249+0530][gc,start    ] GC(1) Pause Young (Concurrent Start) (Metadata GC Threshold)
[2024-07-25T17:54:58.249+0530][gc,task     ] GC(1) Using 8 workers of 8 for evacuation
[2024-07-25T17:54:58.252+0530][gc,phases   ] GC(1)   Pre Evacuate Collection Set: 0.2ms
[2024-07-25T17:54:58.252+0530][gc,phases   ] GC(1)   Merge Heap Roots: 0.0ms
[2024-07-25T17:54:58.252+0530][gc,phases   ] GC(1)   Evacuate Collection Set: 2.7ms
[2024-07-25T17:54:58.252+0530][gc,phases   ] GC(1)   Post Evacuate Collection Set: 0.4ms
[2024-07-25T17:54:58.252+0530][gc,phases   ] GC(1)   Other: 0.2ms
[2024-07-25T17:54:58.252+0530][gc,heap     ] GC(1) Eden regions: 9->0(50)
[2024-07-25T17:54:58.252+0530][gc,heap     ] GC(1) Survivor regions: 7->1(7)
[2024-07-25T17:54:58.252+0530][gc,heap     ] GC(1) Old regions: 2->9
[2024-07-25T17:54:58.252+0530][gc,heap     ] GC(1) Archive regions: 2->2
[2024-07-25T17:54:58.252+0530][gc,heap     ] GC(1) Humongous regions: 0->0
[2024-07-25T17:54:58.252+0530][gc,metaspace] GC(1) Metaspace: 21265K(21504K)->21265K(21504K) NonClass: 18449K(18560K)->18449K(18560K) Class: 2816K(2944K)->2816K(2944K)
[2024-07-25T17:54:58.252+0530][gc          ] GC(1) Pause Young (Concurrent Start) (Metadata GC Threshold) 17M->9M(1024M) 3.537ms
[2024-07-25T17:54:58.252+0530][gc,cpu      ] GC(1) User=0.01s Sys=0.02s Real=0.00s
[2024-07-25T17:54:58.252+0530][gc          ] GC(2) Concurrent Mark Cycle
[2024-07-25T17:54:58.252+0530][gc,marking  ] GC(2) Concurrent Clear Claimed Marks
[2024-07-25T17:54:58.252+0530][gc,marking  ] GC(2) Concurrent Clear Claimed Marks 0.012ms
[2024-07-25T17:54:58.252+0530][gc,marking  ] GC(2) Concurrent Scan Root Regions
[2024-07-25T17:54:58.254+0530][gc,marking  ] GC(2) Concurrent Scan Root Regions 1.600ms
[2024-07-25T17:54:58.254+0530][gc,marking  ] GC(2) Concurrent Mark
[2024-07-25T17:54:58.254+0530][gc,marking  ] GC(2) Concurrent Mark From Roots
[2024-07-25T17:54:58.254+0530][gc,task     ] GC(2) Using 2 workers of 2 for marking
[2024-07-25T17:54:58.255+0530][gc,marking  ] GC(2) Concurrent Mark From Roots 1.479ms
[2024-07-25T17:54:58.255+0530][gc,marking  ] GC(2) Concurrent Preclean
[2024-07-25T17:54:58.255+0530][gc,marking  ] GC(2) Concurrent Preclean 0.048ms
[2024-07-25T17:54:58.255+0530][gc,start    ] GC(2) Pause Remark
[2024-07-25T17:54:58.257+0530][gc          ] GC(2) Pause Remark 10M->10M(1024M) 1.565ms
[2024-07-25T17:54:58.257+0530][gc,cpu      ] GC(2) User=0.00s Sys=0.00s Real=0.00s
[2024-07-25T17:54:58.257+0530][gc,marking  ] GC(2) Concurrent Mark 3.257ms
[2024-07-25T17:54:58.257+0530][gc,marking  ] GC(2) Concurrent Rebuild Remembered Sets
[2024-07-25T17:54:58.259+0530][gc,marking  ] GC(2) Concurrent Rebuild Remembered Sets 2.062ms
[2024-07-25T17:54:58.259+0530][gc,start    ] GC(2) Pause Cleanup
[2024-07-25T17:54:58.259+0530][gc          ] GC(2) Pause Cleanup 10M->10M(1024M) 0.132ms
[2024-07-25T17:54:58.259+0530][gc,cpu      ] GC(2) User=0.00s Sys=0.00s Real=0.00s
[2024-07-25T17:54:58.259+0530][gc,marking  ] GC(2) Concurrent Cleanup for Next Mark
[2024-07-25T17:54:58.263+0530][gc,marking  ] GC(2) Concurrent Cleanup for Next Mark 3.141ms
[2024-07-25T17:54:58.263+0530][gc          ] GC(2) Concurrent Mark Cycle 10.469ms
[2024-07-25T17:54:59.041+0530][gc,start    ] GC(3) Pause Young (Normal) (G1 Evacuation Pause)
[2024-07-25T17:54:59.041+0530][gc,task     ] GC(3) Using 8 workers of 8 for evacuation
[2024-07-25T17:54:59.046+0530][gc,phases   ] GC(3)   Pre Evacuate Collection Set: 0.1ms
[2024-07-25T17:54:59.046+0530][gc,phases   ] GC(3)   Merge Heap Roots: 0.0ms
[2024-07-25T17:54:59.046+0530][gc,phases   ] GC(3)   Evacuate Collection Set: 3.2ms
[2024-07-25T17:54:59.046+0530][gc,phases   ] GC(3)   Post Evacuate Collection Set: 0.7ms
[2024-07-25T17:54:59.046+0530][gc,phases   ] GC(3)   Other: 0.1ms
[2024-07-25T17:54:59.046+0530][gc,heap     ] GC(3) Eden regions: 50->0(45)
[2024-07-25T17:54:59.046+0530][gc,heap     ] GC(3) Survivor regions: 1->6(7)
[2024-07-25T17:54:59.046+0530][gc,heap     ] GC(3) Old regions: 9->9
[2024-07-25T17:54:59.046+0530][gc,heap     ] GC(3) Archive regions: 2->2
[2024-07-25T17:54:59.046+0530][gc,heap     ] GC(3) Humongous regions: 129->129
[2024-07-25T17:54:59.046+0530][gc,metaspace] GC(3) Metaspace: 30703K(30976K)->30703K(30976K) NonClass: 26914K(27072K)->26914K(27072K) Class: 3789K(3904K)->3789K(3904K)
[2024-07-25T17:54:59.046+0530][gc          ] GC(3) Pause Young (Normal) (G1 Evacuation Pause) 188M->143M(1024M) 4.255ms
[2024-07-25T17:54:59.046+0530][gc,cpu      ] GC(3) User=0.03s Sys=0.00s Real=0.01s
[2024-07-25T17:54:59.319+0530][gc,start    ] GC(4) Pause Young (Concurrent Start) (Metadata GC Threshold)
[2024-07-25T17:54:59.319+0530][gc,task     ] GC(4) Using 8 workers of 8 for evacuation
[2024-07-25T17:54:59.324+0530][gc,phases   ] GC(4)   Pre Evacuate Collection Set: 0.1ms
[2024-07-25T17:54:59.324+0530][gc,phases   ] GC(4)   Merge Heap Roots: 0.1ms
[2024-07-25T17:54:59.324+0530][gc,phases   ] GC(4)   Evacuate Collection Set: 4.3ms
[2024-07-25T17:54:59.324+0530][gc,phases   ] GC(4)   Post Evacuate Collection Set: 0.4ms
[2024-07-25T17:54:59.324+0530][gc,phases   ] GC(4)   Other: 0.2ms
[2024-07-25T17:54:59.324+0530][gc,heap     ] GC(4) Eden regions: 22->0(49)
[2024-07-25T17:54:59.324+0530][gc,heap     ] GC(4) Survivor regions: 6->2(7)
[2024-07-25T17:54:59.324+0530][gc,heap     ] GC(4) Old regions: 9->14
[2024-07-25T17:54:59.324+0530][gc,heap     ] GC(4) Archive regions: 2->2
[2024-07-25T17:54:59.324+0530][gc,heap     ] GC(4) Humongous regions: 129->129
[2024-07-25T17:54:59.324+0530][gc,metaspace] GC(4) Metaspace: 35713K(35968K)->35713K(35968K) NonClass: 31433K(31552K)->31433K(31552K) Class: 4279K(4416K)->4279K(4416K)
[2024-07-25T17:54:59.324+0530][gc          ] GC(4) Pause Young (Concurrent Start) (Metadata GC Threshold) 164M->144M(1024M) 5.177ms
[2024-07-25T17:54:59.324+0530][gc,cpu      ] GC(4) User=0.03s Sys=0.00s Real=0.01s
[2024-07-25T17:54:59.324+0530][gc          ] GC(5) Concurrent Mark Cycle
[2024-07-25T17:54:59.324+0530][gc,marking  ] GC(5) Concurrent Clear Claimed Marks
[2024-07-25T17:54:59.325+0530][gc,marking  ] GC(5) Concurrent Clear Claimed Marks 0.028ms
[2024-07-25T17:54:59.325+0530][gc,marking  ] GC(5) Concurrent Scan Root Regions
[2024-07-25T17:54:59.327+0530][gc,marking  ] GC(5) Concurrent Scan Root Regions 2.769ms
[2024-07-25T17:54:59.327+0530][gc,marking  ] GC(5) Concurrent Mark
[2024-07-25T17:54:59.327+0530][gc,marking  ] GC(5) Concurrent Mark From Roots
[2024-07-25T17:54:59.327+0530][gc,task     ] GC(5) Using 2 workers of 2 for marking
[2024-07-25T17:54:59.334+0530][gc,marking  ] GC(5) Concurrent Mark From Roots 7.106ms
[2024-07-25T17:54:59.335+0530][gc,marking  ] GC(5) Concurrent Preclean
[2024-07-25T17:54:59.335+0530][gc,marking  ] GC(5) Concurrent Preclean 0.141ms
[2024-07-25T17:54:59.335+0530][gc,start    ] GC(5) Pause Remark
[2024-07-25T17:54:59.336+0530][gc          ] GC(5) Pause Remark 146M->146M(1024M) 1.542ms
[2024-07-25T17:54:59.336+0530][gc,cpu      ] GC(5) User=0.00s Sys=0.01s Real=0.01s
[2024-07-25T17:54:59.336+0530][gc,marking  ] GC(5) Concurrent Mark 9.025ms
[2024-07-25T17:54:59.336+0530][gc,marking  ] GC(5) Concurrent Rebuild Remembered Sets
[2024-07-25T17:54:59.344+0530][gc,marking  ] GC(5) Concurrent Rebuild Remembered Sets 8.053ms
[2024-07-25T17:54:59.345+0530][gc,start    ] GC(5) Pause Cleanup
[2024-07-25T17:54:59.345+0530][gc          ] GC(5) Pause Cleanup 146M->146M(1024M) 0.183ms
[2024-07-25T17:54:59.345+0530][gc,cpu      ] GC(5) User=0.00s Sys=0.00s Real=0.00s
[2024-07-25T17:54:59.345+0530][gc,marking  ] GC(5) Concurrent Cleanup for Next Mark
[2024-07-25T17:54:59.349+0530][gc,marking  ] GC(5) Concurrent Cleanup for Next Mark 3.885ms
[2024-07-25T17:54:59.349+0530][gc          ] GC(5) Concurrent Mark Cycle 24.286ms
[2024-07-25T18:01:04.715+0530][gc,start    ] GC(6) Pause Young (Prepare Mixed) (G1 Evacuation Pause)
[2024-07-25T18:01:04.715+0530][gc,task     ] GC(6) Using 8 workers of 8 for evacuation
[2024-07-25T18:01:04.726+0530][gc,phases   ] GC(6)   Pre Evacuate Collection Set: 0.7ms
[2024-07-25T18:01:04.726+0530][gc,phases   ] GC(6)   Merge Heap Roots: 0.2ms
[2024-07-25T18:01:04.726+0530][gc,phases   ] GC(6)   Evacuate Collection Set: 9.3ms
[2024-07-25T18:01:04.726+0530][gc,phases   ] GC(6)   Post Evacuate Collection Set: 1.1ms
[2024-07-25T18:01:04.726+0530][gc,phases   ] GC(6)   Other: 0.5ms
[2024-07-25T18:01:04.726+0530][gc,heap     ] GC(6) Eden regions: 49->0(46)
[2024-07-25T18:01:04.726+0530][gc,heap     ] GC(6) Survivor regions: 2->5(7)
[2024-07-25T18:01:04.726+0530][gc,heap     ] GC(6) Old regions: 14->14
[2024-07-25T18:01:04.726+0530][gc,heap     ] GC(6) Archive regions: 2->2
[2024-07-25T18:01:04.726+0530][gc,heap     ] GC(6) Humongous regions: 147->129
[2024-07-25T18:01:04.726+0530][gc,metaspace] GC(6) Metaspace: 42436K(43072K)->42436K(43072K) NonClass: 37014K(37376K)->37014K(37376K) Class: 5422K(5696K)->5422K(5696K)
[2024-07-25T18:01:04.726+0530][gc          ] GC(6) Pause Young (Prepare Mixed) (G1 Evacuation Pause) 211M->147M(1024M) 11.803ms
[2024-07-25T18:01:04.726+0530][gc,cpu      ] GC(6) User=0.05s Sys=0.00s Real=0.02s
[2024-07-25T18:08:44.410+0530][gc,start    ] GC(7) Pause Young (Mixed) (G1 Evacuation Pause)
[2024-07-25T18:08:44.410+0530][gc,task     ] GC(7) Using 8 workers of 8 for evacuation
[2024-07-25T18:08:44.416+0530][gc,phases   ] GC(7)   Pre Evacuate Collection Set: 0.1ms
[2024-07-25T18:08:44.416+0530][gc,phases   ] GC(7)   Merge Heap Roots: 0.1ms
[2024-07-25T18:08:44.416+0530][gc,phases   ] GC(7)   Evacuate Collection Set: 4.6ms
[2024-07-25T18:08:44.416+0530][gc,phases   ] GC(7)   Post Evacuate Collection Set: 0.5ms
[2024-07-25T18:08:44.416+0530][gc,phases   ] GC(7)   Other: 0.1ms
[2024-07-25T18:08:44.416+0530][gc,heap     ] GC(7) Eden regions: 46->0(46)
[2024-07-25T18:08:44.416+0530][gc,heap     ] GC(7) Survivor regions: 5->5(7)
[2024-07-25T18:08:44.416+0530][gc,heap     ] GC(7) Old regions: 14->15
[2024-07-25T18:08:44.416+0530][gc,heap     ] GC(7) Archive regions: 2->2
[2024-07-25T18:08:44.416+0530][gc,heap     ] GC(7) Humongous regions: 129->129
[2024-07-25T18:08:44.416+0530][gc,metaspace] GC(7) Metaspace: 43488K(44096K)->43488K(44096K) NonClass: 38007K(38336K)->38007K(38336K) Class: 5481K(5760K)->5481K(5760K)
[2024-07-25T18:08:44.416+0530][gc          ] GC(7) Pause Young (Mixed) (G1 Evacuation Pause) 193M->148M(1024M) 5.444ms
[2024-07-25T18:08:44.416+0530][gc,cpu      ] GC(7) User=0.03s Sys=0.00s Real=0.01s
[2024-07-25T18:16:47.111+0530][gc,start    ] GC(8) Pause Young (Normal) (G1 Evacuation Pause)
[2024-07-25T18:16:47.111+0530][gc,task     ] GC(8) Using 8 workers of 8 for evacuation
[2024-07-25T18:16:47.120+0530][gc,phases   ] GC(8)   Pre Evacuate Collection Set: 0.4ms
[2024-07-25T18:16:47.120+0530][gc,phases   ] GC(8)   Merge Heap Roots: 0.2ms
[2024-07-25T18:16:47.120+0530][gc,phases   ] GC(8)   Evacuate Collection Set: 7.3ms
[2024-07-25T18:16:47.120+0530][gc,phases   ] GC(8)   Post Evacuate Collection Set: 0.5ms
[2024-07-25T18:16:47.120+0530][gc,phases   ] GC(8)   Other: 0.3ms
[2024-07-25T18:16:47.120+0530][gc,heap     ] GC(8) Eden regions: 46->0(47)
[2024-07-25T18:16:47.120+0530][gc,heap     ] GC(8) Survivor regions: 5->4(7)
[2024-07-25T18:16:47.120+0530][gc,heap     ] GC(8) Old regions: 15->17
[2024-07-25T18:16:47.120+0530][gc,heap     ] GC(8) Archive regions: 2->2
[2024-07-25T18:16:47.120+0530][gc,heap     ] GC(8) Humongous regions: 129->129
[2024-07-25T18:16:47.120+0530][gc,metaspace] GC(8) Metaspace: 43647K(44288K)->43647K(44288K) NonClass: 38163K(38528K)->38163K(38528K) Class: 5483K(5760K)->5483K(5760K)
[2024-07-25T18:16:47.120+0530][gc          ] GC(8) Pause Young (Normal) (G1 Evacuation Pause) 194M->149M(1024M) 8.661ms
[2024-07-25T18:16:47.120+0530][gc,cpu      ] GC(8) User=0.05s Sys=0.01s Real=0.01s
[2024-07-25T18:26:05.259+0530][gc,start    ] GC(9) Pause Young (Normal) (G1 Evacuation Pause)
[2024-07-25T18:26:05.259+0530][gc,task     ] GC(9) Using 8 workers of 8 for evacuation
[2024-07-25T18:26:05.271+0530][gc,phases   ] GC(9)   Pre Evacuate Collection Set: 0.4ms
[2024-07-25T18:26:05.271+0530][gc,phases   ] GC(9)   Merge Heap Roots: 0.2ms
[2024-07-25T18:26:05.271+0530][gc,phases   ] GC(9)   Evacuate Collection Set: 8.3ms
[2024-07-25T18:26:05.271+0530][gc,phases   ] GC(9)   Post Evacuate Collection Set: 2.1ms
[2024-07-25T18:26:05.271+0530][gc,phases   ] GC(9)   Other: 0.5ms
[2024-07-25T18:26:05.271+0530][gc,heap     ] GC(9) Eden regions: 47->0(47)
[2024-07-25T18:26:05.271+0530][gc,heap     ] GC(9) Survivor regions: 4->4(7)
[2024-07-25T18:26:05.271+0530][gc,heap     ] GC(9) Old regions: 17->17
[2024-07-25T18:26:05.271+0530][gc,heap     ] GC(9) Archive regions: 2->2
[2024-07-25T18:26:05.271+0530][gc,heap     ] GC(9) Humongous regions: 129->129
[2024-07-25T18:26:05.271+0530][gc,metaspace] GC(9) Metaspace: 43735K(44352K)->43735K(44352K) NonClass: 38250K(38592K)->38250K(38592K) Class: 5484K(5760K)->5484K(5760K)
[2024-07-25T18:26:05.271+0530][gc          ] GC(9) Pause Young (Normal) (G1 Evacuation Pause) 196M->150M(1024M) 11.909ms
[2024-07-25T18:26:05.271+0530][gc,cpu      ] GC(9) User=0.07s Sys=0.00s Real=0.01s
[2024-07-25T18:35:41.655+0530][gc,start    ] GC(10) Pause Young (Normal) (G1 Evacuation Pause)
[2024-07-25T18:35:41.655+0530][gc,task     ] GC(10) Using 8 workers of 8 for evacuation
[2024-07-25T18:35:41.659+0530][gc,phases   ] GC(10)   Pre Evacuate Collection Set: 0.2ms
[2024-07-25T18:35:41.659+0530][gc,phases   ] GC(10)   Merge Heap Roots: 0.1ms
[2024-07-25T18:35:41.659+0530][gc,phases   ] GC(10)   Evacuate Collection Set: 2.9ms
[2024-07-25T18:35:41.659+0530][gc,phases   ] GC(10)   Post Evacuate Collection Set: 0.5ms
[2024-07-25T18:35:41.659+0530][gc,phases   ] GC(10)   Other: 0.2ms
[2024-07-25T18:35:41.659+0530][gc,heap     ] GC(10) Eden regions: 47->0(76)
[2024-07-25T18:35:41.659+0530][gc,heap     ] GC(10) Survivor regions: 4->3(7)
[2024-07-25T18:35:41.659+0530][gc,heap     ] GC(10) Old regions: 17->17
[2024-07-25T18:35:41.659+0530][gc,heap     ] GC(10) Archive regions: 2->2
[2024-07-25T18:35:41.659+0530][gc,heap     ] GC(10) Humongous regions: 129->129
[2024-07-25T18:35:41.659+0530][gc,metaspace] GC(10) Metaspace: 43759K(44352K)->43759K(44352K) NonClass: 38275K(38592K)->38275K(38592K) Class: 5484K(5760K)->5484K(5760K)
[2024-07-25T18:35:41.659+0530][gc          ] GC(10) Pause Young (Normal) (G1 Evacuation Pause) 197M->149M(1024M) 4.044ms
[2024-07-25T18:35:41.659+0530][gc,cpu      ] GC(10) User=0.03s Sys=0.00s Real=0.00s
[2024-07-25T18:51:18.884+0530][gc,start    ] GC(11) Pause Young (Normal) (G1 Evacuation Pause)
[2024-07-25T18:51:18.884+0530][gc,task     ] GC(11) Using 8 workers of 8 for evacuation
[2024-07-25T18:51:18.892+0530][gc,phases   ] GC(11)   Pre Evacuate Collection Set: 0.3ms
[2024-07-25T18:51:18.892+0530][gc,phases   ] GC(11)   Merge Heap Roots: 0.2ms
[2024-07-25T18:51:18.892+0530][gc,phases   ] GC(11)   Evacuate Collection Set: 6.8ms
[2024-07-25T18:51:18.892+0530][gc,phases   ] GC(11)   Post Evacuate Collection Set: 0.8ms
[2024-07-25T18:51:18.892+0530][gc,phases   ] GC(11)   Other: 0.3ms
[2024-07-25T18:51:18.892+0530][gc,heap     ] GC(11) Eden regions: 76->0(116)
[2024-07-25T18:51:18.892+0530][gc,heap     ] GC(11) Survivor regions: 3->5(10)
[2024-07-25T18:51:18.892+0530][gc,heap     ] GC(11) Old regions: 17->17
[2024-07-25T18:51:18.892+0530][gc,heap     ] GC(11) Archive regions: 2->2
[2024-07-25T18:51:18.892+0530][gc,heap     ] GC(11) Humongous regions: 129->129
[2024-07-25T18:51:18.892+0530][gc,metaspace] GC(11) Metaspace: 43827K(44416K)->43827K(44416K) NonClass: 38342K(38656K)->38342K(38656K) Class: 5484K(5760K)->5484K(5760K)
[2024-07-25T18:51:18.892+0530][gc          ] GC(11) Pause Young (Normal) (G1 Evacuation Pause) 225M->151M(1024M) 8.561ms
[2024-07-25T18:51:18.892+0530][gc,cpu      ] GC(11) User=0.06s Sys=0.00s Real=0.00s
[2024-07-25T19:14:31.296+0530][gc,start    ] GC(12) Pause Young (Normal) (G1 Evacuation Pause)
[2024-07-25T19:14:31.296+0530][gc,task     ] GC(12) Using 8 workers of 8 for evacuation
[2024-07-25T19:14:31.303+0530][gc,phases   ] GC(12)   Pre Evacuate Collection Set: 0.4ms
[2024-07-25T19:14:31.303+0530][gc,phases   ] GC(12)   Merge Heap Roots: 0.2ms
[2024-07-25T19:14:31.303+0530][gc,phases   ] GC(12)   Evacuate Collection Set: 6.4ms
[2024-07-25T19:14:31.303+0530][gc,phases   ] GC(12)   Post Evacuate Collection Set: 0.5ms
[2024-07-25T19:14:31.303+0530][gc,phases   ] GC(12)   Other: 0.3ms
[2024-07-25T19:14:31.303+0530][gc,heap     ] GC(12) Eden regions: 116->0(160)
[2024-07-25T19:14:31.303+0530][gc,heap     ] GC(12) Survivor regions: 5->5(16)
[2024-07-25T19:14:31.303+0530][gc,heap     ] GC(12) Old regions: 17->17
[2024-07-25T19:14:31.303+0530][gc,heap     ] GC(12) Archive regions: 2->2
[2024-07-25T19:14:31.303+0530][gc,heap     ] GC(12) Humongous regions: 129->129
[2024-07-25T19:14:31.303+0530][gc,metaspace] GC(12) Metaspace: 43892K(44544K)->43892K(44544K) NonClass: 38404K(38784K)->38404K(38784K) Class: 5487K(5760K)->5487K(5760K)
[2024-07-25T19:14:31.303+0530][gc          ] GC(12) Pause Young (Normal) (G1 Evacuation Pause) 267M->151M(1024M) 7.850ms
[2024-07-25T19:14:31.303+0530][gc,cpu      ] GC(12) User=0.04s Sys=0.00s Real=0.01s
[2024-07-25T20:22:39.718+0530][gc,start    ] GC(13) Pause Young (Normal) (G1 Evacuation Pause)
[2024-07-25T20:22:39.718+0530][gc,task     ] GC(13) Using 8 workers of 8 for evacuation
[2024-07-25T20:22:39.731+0530][gc,phases   ] GC(13)   Pre Evacuate Collection Set: 0.5ms
[2024-07-25T20:22:39.731+0530][gc,phases   ] GC(13)   Merge Heap Roots: 0.3ms
[2024-07-25T20:22:39.731+0530][gc,phases   ] GC(13)   Evacuate Collection Set: 9.3ms
[2024-07-25T20:22:39.731+0530][gc,phases   ] GC(13)   Post Evacuate Collection Set: 2.3ms
[2024-07-25T20:22:39.731+0530][gc,phases   ] GC(13)   Other: 0.5ms
[2024-07-25T20:22:39.731+0530][gc,heap     ] GC(13) Eden regions: 160->0(490)
[2024-07-25T20:22:39.731+0530][gc,heap     ] GC(13) Survivor regions: 5->4(21)
[2024-07-25T20:22:39.731+0530][gc,heap     ] GC(13) Old regions: 17->17
[2024-07-25T20:22:39.731+0530][gc,heap     ] GC(13) Archive regions: 2->2
[2024-07-25T20:22:39.731+0530][gc,heap     ] GC(13) Humongous regions: 129->129
[2024-07-25T20:22:39.731+0530][gc,metaspace] GC(13) Metaspace: 43946K(44608K)->43946K(44608K) NonClass: 38458K(38848K)->38458K(38848K) Class: 5488K(5760K)->5488K(5760K)
[2024-07-25T20:22:39.731+0530][gc          ] GC(13) Pause Young (Normal) (G1 Evacuation Pause) 311M->150M(1024M) 13.369ms
[2024-07-25T20:22:39.731+0530][gc,cpu      ] GC(13) User=0.08s Sys=0.00s Real=0.01s
[2024-07-25T23:29:19.238+0530][gc,start    ] GC(14) Pause Young (Normal) (G1 Evacuation Pause)
[2024-07-25T23:29:19.238+0530][gc,task     ] GC(14) Using 8 workers of 8 for evacuation
[2024-07-25T23:29:19.253+0530][gc,phases   ] GC(14)   Pre Evacuate Collection Set: 0.2ms
[2024-07-25T23:29:19.253+0530][gc,phases   ] GC(14)   Merge Heap Roots: 0.2ms
[2024-07-25T23:29:19.253+0530][gc,phases   ] GC(14)   Evacuate Collection Set: 10.2ms
[2024-07-25T23:29:19.253+0530][gc,phases   ] GC(14)   Post Evacuate Collection Set: 3.5ms
[2024-07-25T23:29:19.253+0530][gc,phases   ] GC(14)   Other: 0.3ms
[2024-07-25T23:29:19.253+0530][gc,heap     ] GC(14) Eden regions: 490->0(233)
[2024-07-25T23:29:19.253+0530][gc,heap     ] GC(14) Survivor regions: 4->6(62)
[2024-07-25T23:29:19.253+0530][gc,heap     ] GC(14) Old regions: 17->17
[2024-07-25T23:29:19.253+0530][gc,heap     ] GC(14) Archive regions: 2->2
[2024-07-25T23:29:19.253+0530][gc,heap     ] GC(14) Humongous regions: 129->129
[2024-07-25T23:29:19.253+0530][gc,metaspace] GC(14) Metaspace: 45286K(45888K)->45286K(45888K) NonClass: 39767K(40128K)->39767K(40128K) Class: 5519K(5760K)->5519K(5760K)
[2024-07-25T23:29:19.253+0530][gc          ] GC(14) Pause Young (Normal) (G1 Evacuation Pause) 640M->151M(1024M) 14.461ms
[2024-07-25T23:29:19.253+0530][gc,cpu      ] GC(14) User=0.03s Sys=0.01s Real=0.01s
[2024-07-26T00:45:34.837+0530][gc,start    ] GC(15) Pause Young (Normal) (G1 Evacuation Pause)
[2024-07-26T00:45:34.837+0530][gc,task     ] GC(15) Using 8 workers of 8 for evacuation
[2024-07-26T00:45:34.854+0530][gc,phases   ] GC(15)   Pre Evacuate Collection Set: 0.3ms
[2024-07-26T00:45:34.854+0530][gc,phases   ] GC(15)   Merge Heap Roots: 0.2ms
[2024-07-26T00:45:34.854+0530][gc,phases   ] GC(15)   Evacuate Collection Set: 14.2ms
[2024-07-26T00:45:34.854+0530][gc,phases   ] GC(15)   Post Evacuate Collection Set: 1.7ms
[2024-07-26T00:45:34.854+0530][gc,phases   ] GC(15)   Other: 0.2ms
[2024-07-26T00:45:34.854+0530][gc,heap     ] GC(15) Eden regions: 233->0(243)
[2024-07-26T00:45:34.854+0530][gc,heap     ] GC(15) Survivor regions: 6->6(30)
[2024-07-26T00:45:34.854+0530][gc,heap     ] GC(15) Old regions: 17->17
[2024-07-26T00:45:34.854+0530][gc,heap     ] GC(15) Archive regions: 2->2
[2024-07-26T00:45:34.854+0530][gc,heap     ] GC(15) Humongous regions: 129->129
[2024-07-26T00:45:34.854+0530][gc,metaspace] GC(15) Metaspace: 45774K(46400K)->45774K(46400K) NonClass: 40229K(40576K)->40229K(40576K) Class: 5544K(5824K)->5544K(5824K)
[2024-07-26T00:45:34.854+0530][gc          ] GC(15) Pause Young (Normal) (G1 Evacuation Pause) 384M->152M(1024M) 16.608ms
[2024-07-26T00:45:34.854+0530][gc,cpu      ] GC(15) User=0.04s Sys=0.00s Real=0.02s
[2024-07-26T02:10:40.987+0530][gc,start    ] GC(16) Pause Young (Normal) (G1 Evacuation Pause)
[2024-07-26T02:10:40.987+0530][gc,task     ] GC(16) Using 8 workers of 8 for evacuation
[2024-07-26T02:10:41.004+0530][gc,phases   ] GC(16)   Pre Evacuate Collection Set: 0.3ms
[2024-07-26T02:10:41.004+0530][gc,phases   ] GC(16)   Merge Heap Roots: 0.2ms
[2024-07-26T02:10:41.004+0530][gc,phases   ] GC(16)   Evacuate Collection Set: 12.2ms
[2024-07-26T02:10:41.004+0530][gc,phases   ] GC(16)   Post Evacuate Collection Set: 4.2ms
[2024-07-26T02:10:41.004+0530][gc,phases   ] GC(16)   Other: 0.2ms
[2024-07-26T02:10:41.004+0530][gc,heap     ] GC(16) Eden regions: 243->0(315)
[2024-07-26T02:10:41.004+0530][gc,heap     ] GC(16) Survivor regions: 6->6(32)
[2024-07-26T02:10:41.004+0530][gc,heap     ] GC(16) Old regions: 17->17
[2024-07-26T02:10:41.004+0530][gc,heap     ] GC(16) Archive regions: 2->2
[2024-07-26T02:10:41.004+0530][gc,heap     ] GC(16) Humongous regions: 129->129
[2024-07-26T02:10:41.004+0530][gc,metaspace] GC(16) Metaspace: 46210K(46848K)->46210K(46848K) NonClass: 40665K(41024K)->40665K(41024K) Class: 5545K(5824K)->5545K(5824K)
[2024-07-26T02:10:41.004+0530][gc          ] GC(16) Pause Young (Normal) (G1 Evacuation Pause) 395M->152M(1024M) 17.266ms
[2024-07-26T02:10:41.004+0530][gc,cpu      ] GC(16) User=0.04s Sys=0.00s Real=0.01s
[2024-07-26T03:50:40.097+0530][gc,start    ] GC(17) Pause Young (Normal) (G1 Evacuation Pause)
[2024-07-26T03:50:40.097+0530][gc,task     ] GC(17) Using 8 workers of 8 for evacuation
[2024-07-26T03:50:40.105+0530][gc,phases   ] GC(17)   Pre Evacuate Collection Set: 0.2ms
[2024-07-26T03:50:40.105+0530][gc,phases   ] GC(17)   Merge Heap Roots: 0.1ms
[2024-07-26T03:50:40.105+0530][gc,phases   ] GC(17)   Evacuate Collection Set: 6.7ms
[2024-07-26T03:50:40.105+0530][gc,phases   ] GC(17)   Post Evacuate Collection Set: 0.8ms
[2024-07-26T03:50:40.105+0530][gc,phases   ] GC(17)   Other: 0.2ms
[2024-07-26T03:50:40.105+0530][gc,heap     ] GC(17) Eden regions: 315->0(456)
[2024-07-26T03:50:40.105+0530][gc,heap     ] GC(17) Survivor regions: 6->6(41)
[2024-07-26T03:50:40.105+0530][gc,heap     ] GC(17) Old regions: 17->17
[2024-07-26T03:50:40.105+0530][gc,heap     ] GC(17) Archive regions: 2->2
[2024-07-26T03:50:40.105+0530][gc,heap     ] GC(17) Humongous regions: 129->129
[2024-07-26T03:50:40.105+0530][gc,metaspace] GC(17) Metaspace: 46491K(47104K)->46491K(47104K) NonClass: 40946K(41280K)->40946K(41280K) Class: 5545K(5824K)->5545K(5824K)
[2024-07-26T03:50:40.105+0530][gc          ] GC(17) Pause Young (Normal) (G1 Evacuation Pause) 467M->152M(1024M) 8.255ms
[2024-07-26T03:50:40.105+0530][gc,cpu      ] GC(17) User=0.04s Sys=0.00s Real=0.01s
[2024-07-26T06:14:37.340+0530][gc,start    ] GC(18) Pause Young (Normal) (G1 Evacuation Pause)
[2024-07-26T06:14:37.340+0530][gc,task     ] GC(18) Using 8 workers of 8 for evacuation
[2024-07-26T06:14:37.349+0530][gc,phases   ] GC(18)   Pre Evacuate Collection Set: 0.3ms
[2024-07-26T06:14:37.349+0530][gc,phases   ] GC(18)   Merge Heap Roots: 0.2ms
[2024-07-26T06:14:37.349+0530][gc,phases   ] GC(18)   Evacuate Collection Set: 6.5ms
[2024-07-26T06:14:37.349+0530][gc,phases   ] GC(18)   Post Evacuate Collection Set: 1.6ms
[2024-07-26T06:14:37.349+0530][gc,phases   ] GC(18)   Other: 0.2ms
[2024-07-26T06:14:37.349+0530][gc,heap     ] GC(18) Eden regions: 456->0(590)
[2024-07-26T06:14:37.349+0530][gc,heap     ] GC(18) Survivor regions: 6->7(58)
[2024-07-26T06:14:37.349+0530][gc,heap     ] GC(18) Old regions: 17->17
[2024-07-26T06:14:37.349+0530][gc,heap     ] GC(18) Archive regions: 2->2
[2024-07-26T06:14:37.349+0530][gc,heap     ] GC(18) Humongous regions: 129->129
[2024-07-26T06:14:37.349+0530][gc,metaspace] GC(18) Metaspace: 46826K(47424K)->46826K(47424K) NonClass: 41280K(41600K)->41280K(41600K) Class: 5546K(5824K)->5546K(5824K)
[2024-07-26T06:14:37.349+0530][gc          ] GC(18) Pause Young (Normal) (G1 Evacuation Pause) 608M->153M(1024M) 8.732ms
[2024-07-26T06:14:37.349+0530][gc,cpu      ] GC(18) User=0.05s Sys=0.01s Real=0.01s
[2024-07-26T09:32:03.468+0530][gc,heap,exit] Heap
[2024-07-26T09:32:03.468+0530][gc,heap,exit]  garbage-first heap   total 1048576K, used 730623K [0x00000000c0000000, 0x0000000100000000)
[2024-07-26T09:32:03.468+0530][gc,heap,exit]   region size 1024K, 568 young (581632K), 7 survivors (7168K)
[2024-07-26T09:32:03.468+0530][gc,heap,exit]  Metaspace       used 47927K, committed 48512K, reserved 1114112K
[2024-07-26T09:32:03.468+0530][gc,heap,exit]   class space    used 5717K, committed 5952K, reserved 1048576K
