[2024-07-21T22:00:28.264+0530][gc] Using G1
[2024-07-21T22:00:28.272+0530][gc,init] Version: 17.0.10+8-LTS (release)
[2024-07-21T22:00:28.272+0530][gc,init] CPUs: 8 total, 8 available
[2024-07-21T22:00:28.272+0530][gc,init] Memory: 15828M
[2024-07-21T22:00:28.272+0530][gc,init] Large Page Support: Disabled
[2024-07-21T22:00:28.272+0530][gc,init] NUMA Support: Disabled
[2024-07-21T22:00:28.272+0530][gc,init] Compressed Oops: Enabled (32-bit)
[2024-07-21T22:00:28.272+0530][gc,init] Heap Region Size: 1M
[2024-07-21T22:00:28.272+0530][gc,init] Heap Min Capacity: 1G
[2024-07-21T22:00:28.272+0530][gc,init] Heap Initial Capacity: 1G
[2024-07-21T22:00:28.272+0530][gc,init] Heap Max Capacity: 1G
[2024-07-21T22:00:28.272+0530][gc,init] Pre-touch: Disabled
[2024-07-21T22:00:28.272+0530][gc,init] Parallel Workers: 8
[2024-07-21T22:00:28.272+0530][gc,init] Concurrent Workers: 2
[2024-07-21T22:00:28.272+0530][gc,init] Concurrent Refinement Workers: 8
[2024-07-21T22:00:28.272+0530][gc,init] Periodic GC: Disabled
[2024-07-21T22:00:28.279+0530][gc,metaspace] CDS archive(s) mapped at: [0x00007feb97000000-0x00007feb97bc7000-0x00007feb97bc7000), size 12349440, SharedBaseAddress: 0x00007feb97000000, ArchiveRelocationMode: 1.
[2024-07-21T22:00:28.279+0530][gc,metaspace] Compressed class space mapped at: 0x00007feb98000000-0x00007febd8000000, reserved size: 1073741824
[2024-07-21T22:00:28.279+0530][gc,metaspace] Narrow klass base: 0x00007feb97000000, Narrow klass shift: 0, Narrow klass range: 0x100000000
[2024-07-21T22:00:30.287+0530][gc,start    ] GC(0) Pause Young (Normal) (G1 Evacuation Pause)
[2024-07-21T22:00:30.288+0530][gc,task     ] GC(0) Using 8 workers of 8 for evacuation
[2024-07-21T22:00:30.294+0530][gc,phases   ] GC(0)   Pre Evacuate Collection Set: 0.3ms
[2024-07-21T22:00:30.294+0530][gc,phases   ] GC(0)   Merge Heap Roots: 0.1ms
[2024-07-21T22:00:30.294+0530][gc,phases   ] GC(0)   Evacuate Collection Set: 4.8ms
[2024-07-21T22:00:30.294+0530][gc,phases   ] GC(0)   Post Evacuate Collection Set: 1.0ms
[2024-07-21T22:00:30.294+0530][gc,phases   ] GC(0)   Other: 1.5ms
[2024-07-21T22:00:30.294+0530][gc,heap     ] GC(0) Eden regions: 51->0(44)
[2024-07-21T22:00:30.294+0530][gc,heap     ] GC(0) Survivor regions: 0->7(7)
[2024-07-21T22:00:30.294+0530][gc,heap     ] GC(0) Old regions: 0->1
[2024-07-21T22:00:30.294+0530][gc,heap     ] GC(0) Archive regions: 2->2
[2024-07-21T22:00:30.294+0530][gc,heap     ] GC(0) Humongous regions: 0->0
[2024-07-21T22:00:30.294+0530][gc,metaspace] GC(0) Metaspace: 19040K(19264K)->19040K(19264K) NonClass: 16587K(16704K)->16587K(16704K) Class: 2452K(2560K)->2452K(2560K)
[2024-07-21T22:00:30.295+0530][gc          ] GC(0) Pause Young (Normal) (G1 Evacuation Pause) 51M->8M(1024M) 7.726ms
[2024-07-21T22:00:30.295+0530][gc,cpu      ] GC(0) User=0.04s Sys=0.01s Real=0.01s
[2024-07-21T22:00:30.538+0530][gc,start    ] GC(1) Pause Young (Concurrent Start) (Metadata GC Threshold)
[2024-07-21T22:00:30.538+0530][gc,task     ] GC(1) Using 8 workers of 8 for evacuation
[2024-07-21T22:00:30.544+0530][gc,phases   ] GC(1)   Pre Evacuate Collection Set: 0.2ms
[2024-07-21T22:00:30.544+0530][gc,phases   ] GC(1)   Merge Heap Roots: 0.1ms
[2024-07-21T22:00:30.544+0530][gc,phases   ] GC(1)   Evacuate Collection Set: 4.4ms
[2024-07-21T22:00:30.544+0530][gc,phases   ] GC(1)   Post Evacuate Collection Set: 0.9ms
[2024-07-21T22:00:30.544+0530][gc,phases   ] GC(1)   Other: 0.3ms
[2024-07-21T22:00:30.544+0530][gc,heap     ] GC(1) Eden regions: 10->0(50)
[2024-07-21T22:00:30.544+0530][gc,heap     ] GC(1) Survivor regions: 7->1(7)
[2024-07-21T22:00:30.544+0530][gc,heap     ] GC(1) Old regions: 1->9
[2024-07-21T22:00:30.544+0530][gc,heap     ] GC(1) Archive regions: 2->2
[2024-07-21T22:00:30.544+0530][gc,heap     ] GC(1) Humongous regions: 0->0
[2024-07-21T22:00:30.544+0530][gc,metaspace] GC(1) Metaspace: 21294K(21504K)->21294K(21504K) NonClass: 18446K(18560K)->18446K(18560K) Class: 2848K(2944K)->2848K(2944K)
[2024-07-21T22:00:30.544+0530][gc          ] GC(1) Pause Young (Concurrent Start) (Metadata GC Threshold) 17M->10M(1024M) 6.050ms
[2024-07-21T22:00:30.544+0530][gc,cpu      ] GC(1) User=0.01s Sys=0.02s Real=0.01s
[2024-07-21T22:00:30.545+0530][gc          ] GC(2) Concurrent Mark Cycle
[2024-07-21T22:00:30.545+0530][gc,marking  ] GC(2) Concurrent Clear Claimed Marks
[2024-07-21T22:00:30.545+0530][gc,marking  ] GC(2) Concurrent Clear Claimed Marks 0.043ms
[2024-07-21T22:00:30.545+0530][gc,marking  ] GC(2) Concurrent Scan Root Regions
[2024-07-21T22:00:30.548+0530][gc,marking  ] GC(2) Concurrent Scan Root Regions 3.563ms
[2024-07-21T22:00:30.548+0530][gc,marking  ] GC(2) Concurrent Mark
[2024-07-21T22:00:30.548+0530][gc,marking  ] GC(2) Concurrent Mark From Roots
[2024-07-21T22:00:30.548+0530][gc,task     ] GC(2) Using 2 workers of 2 for marking
[2024-07-21T22:00:30.550+0530][gc,marking  ] GC(2) Concurrent Mark From Roots 2.124ms
[2024-07-21T22:00:30.550+0530][gc,marking  ] GC(2) Concurrent Preclean
[2024-07-21T22:00:30.551+0530][gc,marking  ] GC(2) Concurrent Preclean 0.085ms
[2024-07-21T22:00:30.551+0530][gc,start    ] GC(2) Pause Remark
[2024-07-21T22:00:30.553+0530][gc          ] GC(2) Pause Remark 10M->10M(1024M) 1.883ms
[2024-07-21T22:00:30.553+0530][gc,cpu      ] GC(2) User=0.01s Sys=0.00s Real=0.00s
[2024-07-21T22:00:30.553+0530][gc,marking  ] GC(2) Concurrent Mark 4.613ms
[2024-07-21T22:00:30.553+0530][gc,marking  ] GC(2) Concurrent Rebuild Remembered Sets
[2024-07-21T22:00:30.558+0530][gc,marking  ] GC(2) Concurrent Rebuild Remembered Sets 4.849ms
[2024-07-21T22:00:30.558+0530][gc,start    ] GC(2) Pause Cleanup
[2024-07-21T22:00:30.558+0530][gc          ] GC(2) Pause Cleanup 10M->10M(1024M) 0.227ms
[2024-07-21T22:00:30.558+0530][gc,cpu      ] GC(2) User=0.00s Sys=0.00s Real=0.00s
[2024-07-21T22:00:30.558+0530][gc,marking  ] GC(2) Concurrent Cleanup for Next Mark
[2024-07-21T22:00:30.564+0530][gc,marking  ] GC(2) Concurrent Cleanup for Next Mark 5.412ms
[2024-07-21T22:00:30.564+0530][gc          ] GC(2) Concurrent Mark Cycle 19.095ms
[2024-07-21T22:00:31.793+0530][gc,heap,exit] Heap
[2024-07-21T22:00:31.793+0530][gc,heap,exit]  garbage-first heap   total 1048576K, used 189932K [0x00000000c0000000, 0x0000000100000000)
[2024-07-21T22:00:31.793+0530][gc,heap,exit]   region size 1024K, 48 young (49152K), 1 survivors (1024K)
[2024-07-21T22:00:31.793+0530][gc,heap,exit]  Metaspace       used 30590K, committed 30784K, reserved 1114112K
[2024-07-21T22:00:31.793+0530][gc,heap,exit]   class space    used 3830K, committed 3904K, reserved 1048576K
