[2024-07-21T22:03:25.864+0530][gc] Using G1
[2024-07-21T22:03:25.872+0530][gc,init] Version: 17.0.10+8-LTS (release)
[2024-07-21T22:03:25.872+0530][gc,init] CPUs: 8 total, 8 available
[2024-07-21T22:03:25.872+0530][gc,init] Memory: 15828M
[2024-07-21T22:03:25.872+0530][gc,init] Large Page Support: Disabled
[2024-07-21T22:03:25.872+0530][gc,init] NUMA Support: Disabled
[2024-07-21T22:03:25.872+0530][gc,init] Compressed Oops: Enabled (32-bit)
[2024-07-21T22:03:25.872+0530][gc,init] Heap Region Size: 1M
[2024-07-21T22:03:25.872+0530][gc,init] Heap Min Capacity: 1G
[2024-07-21T22:03:25.872+0530][gc,init] Heap Initial Capacity: 1G
[2024-07-21T22:03:25.872+0530][gc,init] Heap Max Capacity: 1G
[2024-07-21T22:03:25.872+0530][gc,init] Pre-touch: Disabled
[2024-07-21T22:03:25.872+0530][gc,init] Parallel Workers: 8
[2024-07-21T22:03:25.872+0530][gc,init] Concurrent Workers: 2
[2024-07-21T22:03:25.872+0530][gc,init] Concurrent Refinement Workers: 8
[2024-07-21T22:03:25.872+0530][gc,init] Periodic GC: Disabled
[2024-07-21T22:03:25.882+0530][gc,metaspace] CDS archive(s) mapped at: [0x00007f986f000000-0x00007f986fbc7000-0x00007f986fbc7000), size 12349440, SharedBaseAddress: 0x00007f986f000000, ArchiveRelocationMode: 1.
[2024-07-21T22:03:25.882+0530][gc,metaspace] Compressed class space mapped at: 0x00007f9870000000-0x00007f98b0000000, reserved size: 1073741824
[2024-07-21T22:03:25.882+0530][gc,metaspace] Narrow klass base: 0x00007f986f000000, Narrow klass shift: 0, Narrow klass range: 0x100000000
[2024-07-21T22:03:35.313+0530][gc,start    ] GC(0) Pause Young (Normal) (G1 Evacuation Pause)
[2024-07-21T22:03:35.314+0530][gc,task     ] GC(0) Using 8 workers of 8 for evacuation
[2024-07-21T22:03:35.320+0530][gc,phases   ] GC(0)   Pre Evacuate Collection Set: 0.2ms
[2024-07-21T22:03:35.320+0530][gc,phases   ] GC(0)   Merge Heap Roots: 0.1ms
[2024-07-21T22:03:35.320+0530][gc,phases   ] GC(0)   Evacuate Collection Set: 5.6ms
[2024-07-21T22:03:35.320+0530][gc,phases   ] GC(0)   Post Evacuate Collection Set: 0.9ms
[2024-07-21T22:03:35.320+0530][gc,phases   ] GC(0)   Other: 0.8ms
[2024-07-21T22:03:35.320+0530][gc,heap     ] GC(0) Eden regions: 51->0(44)
[2024-07-21T22:03:35.320+0530][gc,heap     ] GC(0) Survivor regions: 0->7(7)
[2024-07-21T22:03:35.320+0530][gc,heap     ] GC(0) Old regions: 0->1
[2024-07-21T22:03:35.320+0530][gc,heap     ] GC(0) Archive regions: 2->2
[2024-07-21T22:03:35.320+0530][gc,heap     ] GC(0) Humongous regions: 0->0
[2024-07-21T22:03:35.320+0530][gc,metaspace] GC(0) Metaspace: 18676K(18880K)->18676K(18880K) NonClass: 16281K(16384K)->16281K(16384K) Class: 2394K(2496K)->2394K(2496K)
[2024-07-21T22:03:35.320+0530][gc          ] GC(0) Pause Young (Normal) (G1 Evacuation Pause) 51M->8M(1024M) 7.597ms
[2024-07-21T22:03:35.321+0530][gc,cpu      ] GC(0) User=0.04s Sys=0.00s Real=0.00s
[2024-07-21T22:03:35.703+0530][gc,start    ] GC(1) Pause Young (Concurrent Start) (Metadata GC Threshold)
[2024-07-21T22:03:35.703+0530][gc,task     ] GC(1) Using 8 workers of 8 for evacuation
[2024-07-21T22:03:35.709+0530][gc,phases   ] GC(1)   Pre Evacuate Collection Set: 0.2ms
[2024-07-21T22:03:35.709+0530][gc,phases   ] GC(1)   Merge Heap Roots: 0.0ms
[2024-07-21T22:03:35.709+0530][gc,phases   ] GC(1)   Evacuate Collection Set: 5.3ms
[2024-07-21T22:03:35.709+0530][gc,phases   ] GC(1)   Post Evacuate Collection Set: 0.4ms
[2024-07-21T22:03:35.709+0530][gc,phases   ] GC(1)   Other: 0.3ms
[2024-07-21T22:03:35.709+0530][gc,heap     ] GC(1) Eden regions: 11->0(50)
[2024-07-21T22:03:35.709+0530][gc,heap     ] GC(1) Survivor regions: 7->1(7)
[2024-07-21T22:03:35.709+0530][gc,heap     ] GC(1) Old regions: 1->8
[2024-07-21T22:03:35.709+0530][gc,heap     ] GC(1) Archive regions: 2->2
[2024-07-21T22:03:35.709+0530][gc,heap     ] GC(1) Humongous regions: 0->0
[2024-07-21T22:03:35.709+0530][gc,metaspace] GC(1) Metaspace: 21357K(21504K)->21357K(21504K) NonClass: 18501K(18560K)->18501K(18560K) Class: 2855K(2944K)->2855K(2944K)
[2024-07-21T22:03:35.709+0530][gc          ] GC(1) Pause Young (Concurrent Start) (Metadata GC Threshold) 19M->9M(1024M) 6.359ms
[2024-07-21T22:03:35.709+0530][gc,cpu      ] GC(1) User=0.03s Sys=0.01s Real=0.01s
[2024-07-21T22:03:35.709+0530][gc          ] GC(2) Concurrent Mark Cycle
[2024-07-21T22:03:35.709+0530][gc,marking  ] GC(2) Concurrent Clear Claimed Marks
[2024-07-21T22:03:35.709+0530][gc,marking  ] GC(2) Concurrent Clear Claimed Marks 0.018ms
[2024-07-21T22:03:35.709+0530][gc,marking  ] GC(2) Concurrent Scan Root Regions
[2024-07-21T22:03:35.713+0530][gc,marking  ] GC(2) Concurrent Scan Root Regions 4.001ms
[2024-07-21T22:03:35.713+0530][gc,marking  ] GC(2) Concurrent Mark
[2024-07-21T22:03:35.713+0530][gc,marking  ] GC(2) Concurrent Mark From Roots
[2024-07-21T22:03:35.713+0530][gc,task     ] GC(2) Using 2 workers of 2 for marking
[2024-07-21T22:03:35.716+0530][gc,marking  ] GC(2) Concurrent Mark From Roots 3.120ms
[2024-07-21T22:03:35.716+0530][gc,marking  ] GC(2) Concurrent Preclean
[2024-07-21T22:03:35.716+0530][gc,marking  ] GC(2) Concurrent Preclean 0.084ms
[2024-07-21T22:03:35.717+0530][gc,start    ] GC(2) Pause Remark
[2024-07-21T22:03:35.720+0530][gc          ] GC(2) Pause Remark 10M->10M(1024M) 3.444ms
[2024-07-21T22:03:35.720+0530][gc,cpu      ] GC(2) User=0.01s Sys=0.01s Real=0.00s
[2024-07-21T22:03:35.720+0530][gc,marking  ] GC(2) Concurrent Mark 6.908ms
[2024-07-21T22:03:35.720+0530][gc,marking  ] GC(2) Concurrent Rebuild Remembered Sets
[2024-07-21T22:03:35.724+0530][gc,marking  ] GC(2) Concurrent Rebuild Remembered Sets 3.877ms
[2024-07-21T22:03:35.724+0530][gc,start    ] GC(2) Pause Cleanup
[2024-07-21T22:03:35.724+0530][gc          ] GC(2) Pause Cleanup 10M->10M(1024M) 0.191ms
[2024-07-21T22:03:35.724+0530][gc,cpu      ] GC(2) User=0.00s Sys=0.00s Real=0.00s
[2024-07-21T22:03:35.725+0530][gc,marking  ] GC(2) Concurrent Cleanup for Next Mark
[2024-07-21T22:03:35.730+0530][gc,marking  ] GC(2) Concurrent Cleanup for Next Mark 5.336ms
[2024-07-21T22:03:35.730+0530][gc          ] GC(2) Concurrent Mark Cycle 20.900ms
[2024-07-21T22:03:37.270+0530][gc,heap,exit] Heap
[2024-07-21T22:03:37.270+0530][gc,heap,exit]  garbage-first heap   total 1048576K, used 189101K [0x00000000c0000000, 0x0000000100000000)
[2024-07-21T22:03:37.270+0530][gc,heap,exit]   region size 1024K, 47 young (48128K), 1 survivors (1024K)
[2024-07-21T22:03:37.270+0530][gc,heap,exit]  Metaspace       used 30583K, committed 30784K, reserved 1114112K
[2024-07-21T22:03:37.270+0530][gc,heap,exit]   class space    used 3830K, committed 3904K, reserved 1048576K
