[2024-07-21T22:04:45.787+0530][gc] Using G1
[2024-07-21T22:04:45.794+0530][gc,init] Version: 17.0.10+8-LTS (release)
[2024-07-21T22:04:45.794+0530][gc,init] CPUs: 8 total, 8 available
[2024-07-21T22:04:45.794+0530][gc,init] Memory: 15828M
[2024-07-21T22:04:45.794+0530][gc,init] Large Page Support: Disabled
[2024-07-21T22:04:45.794+0530][gc,init] NUMA Support: Disabled
[2024-07-21T22:04:45.794+0530][gc,init] Compressed Oops: Enabled (32-bit)
[2024-07-21T22:04:45.794+0530][gc,init] Heap Region Size: 1M
[2024-07-21T22:04:45.794+0530][gc,init] Heap Min Capacity: 1G
[2024-07-21T22:04:45.794+0530][gc,init] Heap Initial Capacity: 1G
[2024-07-21T22:04:45.794+0530][gc,init] Heap Max Capacity: 1G
[2024-07-21T22:04:45.794+0530][gc,init] Pre-touch: Disabled
[2024-07-21T22:04:45.794+0530][gc,init] Parallel Workers: 8
[2024-07-21T22:04:45.794+0530][gc,init] Concurrent Workers: 2
[2024-07-21T22:04:45.794+0530][gc,init] Concurrent Refinement Workers: 8
[2024-07-21T22:04:45.794+0530][gc,init] Periodic GC: Disabled
[2024-07-21T22:04:45.800+0530][gc,metaspace] CDS archive(s) mapped at: [0x00007ff1db000000-0x00007ff1dbbc7000-0x00007ff1dbbc7000), size 12349440, SharedBaseAddress: 0x00007ff1db000000, ArchiveRelocationMode: 1.
[2024-07-21T22:04:45.800+0530][gc,metaspace] Compressed class space mapped at: 0x00007ff1dc000000-0x00007ff21c000000, reserved size: 1073741824
[2024-07-21T22:04:45.800+0530][gc,metaspace] Narrow klass base: 0x00007ff1db000000, Narrow klass shift: 0, Narrow klass range: 0x100000000
[2024-07-21T22:04:47.438+0530][gc,start    ] GC(0) Pause Young (Normal) (G1 Evacuation Pause)
[2024-07-21T22:04:47.439+0530][gc,task     ] GC(0) Using 8 workers of 8 for evacuation
[2024-07-21T22:04:47.446+0530][gc,phases   ] GC(0)   Pre Evacuate Collection Set: 0.2ms
[2024-07-21T22:04:47.446+0530][gc,phases   ] GC(0)   Merge Heap Roots: 0.1ms
[2024-07-21T22:04:47.446+0530][gc,phases   ] GC(0)   Evacuate Collection Set: 5.0ms
[2024-07-21T22:04:47.446+0530][gc,phases   ] GC(0)   Post Evacuate Collection Set: 0.8ms
[2024-07-21T22:04:47.446+0530][gc,phases   ] GC(0)   Other: 1.1ms
[2024-07-21T22:04:47.446+0530][gc,heap     ] GC(0) Eden regions: 51->0(44)
[2024-07-21T22:04:47.446+0530][gc,heap     ] GC(0) Survivor regions: 0->7(7)
[2024-07-21T22:04:47.446+0530][gc,heap     ] GC(0) Old regions: 0->1
[2024-07-21T22:04:47.446+0530][gc,heap     ] GC(0) Archive regions: 2->2
[2024-07-21T22:04:47.446+0530][gc,heap     ] GC(0) Humongous regions: 0->0
[2024-07-21T22:04:47.446+0530][gc,metaspace] GC(0) Metaspace: 18921K(19200K)->18921K(19200K) NonClass: 16498K(16640K)->16498K(16640K) Class: 2423K(2560K)->2423K(2560K)
[2024-07-21T22:04:47.446+0530][gc          ] GC(0) Pause Young (Normal) (G1 Evacuation Pause) 51M->8M(1024M) 7.197ms
[2024-07-21T22:04:47.446+0530][gc,cpu      ] GC(0) User=0.04s Sys=0.00s Real=0.01s
[2024-07-21T22:04:47.696+0530][gc,start    ] GC(1) Pause Young (Concurrent Start) (Metadata GC Threshold)
[2024-07-21T22:04:47.696+0530][gc,task     ] GC(1) Using 8 workers of 8 for evacuation
[2024-07-21T22:04:47.701+0530][gc,phases   ] GC(1)   Pre Evacuate Collection Set: 0.1ms
[2024-07-21T22:04:47.701+0530][gc,phases   ] GC(1)   Merge Heap Roots: 0.1ms
[2024-07-21T22:04:47.701+0530][gc,phases   ] GC(1)   Evacuate Collection Set: 4.2ms
[2024-07-21T22:04:47.701+0530][gc,phases   ] GC(1)   Post Evacuate Collection Set: 0.6ms
[2024-07-21T22:04:47.701+0530][gc,phases   ] GC(1)   Other: 0.2ms
[2024-07-21T22:04:47.701+0530][gc,heap     ] GC(1) Eden regions: 10->0(50)
[2024-07-21T22:04:47.701+0530][gc,heap     ] GC(1) Survivor regions: 7->1(7)
[2024-07-21T22:04:47.701+0530][gc,heap     ] GC(1) Old regions: 1->8
[2024-07-21T22:04:47.701+0530][gc,heap     ] GC(1) Archive regions: 2->2
[2024-07-21T22:04:47.701+0530][gc,heap     ] GC(1) Humongous regions: 0->0
[2024-07-21T22:04:47.701+0530][gc,metaspace] GC(1) Metaspace: 21350K(21504K)->21350K(21504K) NonClass: 18494K(18560K)->18494K(18560K) Class: 2855K(2944K)->2855K(2944K)
[2024-07-21T22:04:47.701+0530][gc          ] GC(1) Pause Young (Concurrent Start) (Metadata GC Threshold) 18M->9M(1024M) 5.312ms
[2024-07-21T22:04:47.701+0530][gc,cpu      ] GC(1) User=0.04s Sys=0.00s Real=0.00s
[2024-07-21T22:04:47.701+0530][gc          ] GC(2) Concurrent Mark Cycle
[2024-07-21T22:04:47.701+0530][gc,marking  ] GC(2) Concurrent Clear Claimed Marks
[2024-07-21T22:04:47.701+0530][gc,marking  ] GC(2) Concurrent Clear Claimed Marks 0.016ms
[2024-07-21T22:04:47.701+0530][gc,marking  ] GC(2) Concurrent Scan Root Regions
[2024-07-21T22:04:47.704+0530][gc,marking  ] GC(2) Concurrent Scan Root Regions 2.934ms
[2024-07-21T22:04:47.704+0530][gc,marking  ] GC(2) Concurrent Mark
[2024-07-21T22:04:47.704+0530][gc,marking  ] GC(2) Concurrent Mark From Roots
[2024-07-21T22:04:47.704+0530][gc,task     ] GC(2) Using 2 workers of 2 for marking
[2024-07-21T22:04:47.707+0530][gc,marking  ] GC(2) Concurrent Mark From Roots 3.100ms
[2024-07-21T22:04:47.707+0530][gc,marking  ] GC(2) Concurrent Preclean
[2024-07-21T22:04:47.707+0530][gc,marking  ] GC(2) Concurrent Preclean 0.067ms
[2024-07-21T22:04:47.707+0530][gc,start    ] GC(2) Pause Remark
[2024-07-21T22:04:47.710+0530][gc          ] GC(2) Pause Remark 10M->10M(1024M) 2.379ms
[2024-07-21T22:04:47.710+0530][gc,cpu      ] GC(2) User=0.01s Sys=0.00s Real=0.00s
[2024-07-21T22:04:47.710+0530][gc,marking  ] GC(2) Concurrent Mark 5.711ms
[2024-07-21T22:04:47.710+0530][gc,marking  ] GC(2) Concurrent Rebuild Remembered Sets
[2024-07-21T22:04:47.713+0530][gc,marking  ] GC(2) Concurrent Rebuild Remembered Sets 3.347ms
[2024-07-21T22:04:47.714+0530][gc,start    ] GC(2) Pause Cleanup
[2024-07-21T22:04:47.714+0530][gc          ] GC(2) Pause Cleanup 10M->10M(1024M) 0.199ms
[2024-07-21T22:04:47.714+0530][gc,cpu      ] GC(2) User=0.00s Sys=0.00s Real=0.00s
[2024-07-21T22:04:47.714+0530][gc,marking  ] GC(2) Concurrent Cleanup for Next Mark
[2024-07-21T22:04:47.719+0530][gc,marking  ] GC(2) Concurrent Cleanup for Next Mark 4.785ms
[2024-07-21T22:04:47.719+0530][gc          ] GC(2) Concurrent Mark Cycle 17.567ms
[2024-07-21T22:04:48.731+0530][gc,start    ] GC(3) Pause Young (Normal) (G1 Evacuation Pause)
[2024-07-21T22:04:48.731+0530][gc,task     ] GC(3) Using 8 workers of 8 for evacuation
[2024-07-21T22:04:48.737+0530][gc,phases   ] GC(3)   Pre Evacuate Collection Set: 0.2ms
[2024-07-21T22:04:48.737+0530][gc,phases   ] GC(3)   Merge Heap Roots: 0.1ms
[2024-07-21T22:04:48.737+0530][gc,phases   ] GC(3)   Evacuate Collection Set: 4.7ms
[2024-07-21T22:04:48.737+0530][gc,phases   ] GC(3)   Post Evacuate Collection Set: 0.5ms
[2024-07-21T22:04:48.737+0530][gc,phases   ] GC(3)   Other: 0.2ms
[2024-07-21T22:04:48.737+0530][gc,heap     ] GC(3) Eden regions: 50->0(45)
[2024-07-21T22:04:48.737+0530][gc,heap     ] GC(3) Survivor regions: 1->6(7)
[2024-07-21T22:04:48.737+0530][gc,heap     ] GC(3) Old regions: 8->8
[2024-07-21T22:04:48.737+0530][gc,heap     ] GC(3) Archive regions: 2->2
[2024-07-21T22:04:48.737+0530][gc,heap     ] GC(3) Humongous regions: 129->129
[2024-07-21T22:04:48.737+0530][gc,metaspace] GC(3) Metaspace: 32711K(32960K)->32711K(32960K) NonClass: 28745K(28864K)->28745K(28864K) Class: 3966K(4096K)->3966K(4096K)
[2024-07-21T22:04:48.737+0530][gc          ] GC(3) Pause Young (Normal) (G1 Evacuation Pause) 188M->143M(1024M) 5.803ms
[2024-07-21T22:04:48.737+0530][gc,cpu      ] GC(3) User=0.03s Sys=0.00s Real=0.00s
[2024-07-21T22:04:48.999+0530][gc,start    ] GC(4) Pause Young (Concurrent Start) (Metadata GC Threshold)
[2024-07-21T22:04:48.999+0530][gc,task     ] GC(4) Using 8 workers of 8 for evacuation
[2024-07-21T22:04:49.006+0530][gc,phases   ] GC(4)   Pre Evacuate Collection Set: 0.2ms
[2024-07-21T22:04:49.006+0530][gc,phases   ] GC(4)   Merge Heap Roots: 0.0ms
[2024-07-21T22:04:49.006+0530][gc,phases   ] GC(4)   Evacuate Collection Set: 6.2ms
[2024-07-21T22:04:49.006+0530][gc,phases   ] GC(4)   Post Evacuate Collection Set: 0.7ms
[2024-07-21T22:04:49.006+0530][gc,phases   ] GC(4)   Other: 0.2ms
[2024-07-21T22:04:49.006+0530][gc,heap     ] GC(4) Eden regions: 13->0(49)
[2024-07-21T22:04:49.006+0530][gc,heap     ] GC(4) Survivor regions: 6->2(7)
[2024-07-21T22:04:49.006+0530][gc,heap     ] GC(4) Old regions: 8->14
[2024-07-21T22:04:49.006+0530][gc,heap     ] GC(4) Archive regions: 2->2
[2024-07-21T22:04:49.006+0530][gc,heap     ] GC(4) Humongous regions: 129->129
[2024-07-21T22:04:49.006+0530][gc,metaspace] GC(4) Metaspace: 35786K(36096K)->35786K(36096K) NonClass: 31414K(31552K)->31414K(31552K) Class: 4372K(4544K)->4372K(4544K)
[2024-07-21T22:04:49.006+0530][gc          ] GC(4) Pause Young (Concurrent Start) (Metadata GC Threshold) 156M->144M(1024M) 7.409ms
[2024-07-21T22:04:49.006+0530][gc,cpu      ] GC(4) User=0.04s Sys=0.00s Real=0.01s
[2024-07-21T22:04:49.006+0530][gc          ] GC(5) Concurrent Mark Cycle
[2024-07-21T22:04:49.006+0530][gc,marking  ] GC(5) Concurrent Clear Claimed Marks
[2024-07-21T22:04:49.006+0530][gc,marking  ] GC(5) Concurrent Clear Claimed Marks 0.024ms
[2024-07-21T22:04:49.006+0530][gc,marking  ] GC(5) Concurrent Scan Root Regions
[2024-07-21T22:04:49.010+0530][gc,marking  ] GC(5) Concurrent Scan Root Regions 3.392ms
[2024-07-21T22:04:49.010+0530][gc,marking  ] GC(5) Concurrent Mark
[2024-07-21T22:04:49.010+0530][gc,marking  ] GC(5) Concurrent Mark From Roots
[2024-07-21T22:04:49.010+0530][gc,task     ] GC(5) Using 2 workers of 2 for marking
[2024-07-21T22:04:49.019+0530][gc,marking  ] GC(5) Concurrent Mark From Roots 9.331ms
[2024-07-21T22:04:49.019+0530][gc,marking  ] GC(5) Concurrent Preclean
[2024-07-21T22:04:49.019+0530][gc,marking  ] GC(5) Concurrent Preclean 0.124ms
[2024-07-21T22:04:49.020+0530][gc,start    ] GC(5) Pause Remark
[2024-07-21T22:04:49.021+0530][gc          ] GC(5) Pause Remark 145M->145M(1024M) 1.957ms
[2024-07-21T22:04:49.022+0530][gc,cpu      ] GC(5) User=0.01s Sys=0.00s Real=0.00s
[2024-07-21T22:04:49.022+0530][gc,marking  ] GC(5) Concurrent Mark 11.622ms
[2024-07-21T22:04:49.022+0530][gc,marking  ] GC(5) Concurrent Rebuild Remembered Sets
[2024-07-21T22:04:49.028+0530][gc,marking  ] GC(5) Concurrent Rebuild Remembered Sets 6.347ms
[2024-07-21T22:04:49.028+0530][gc,start    ] GC(5) Pause Cleanup
[2024-07-21T22:04:49.028+0530][gc          ] GC(5) Pause Cleanup 145M->145M(1024M) 0.190ms
[2024-07-21T22:04:49.028+0530][gc,cpu      ] GC(5) User=0.00s Sys=0.00s Real=0.00s
[2024-07-21T22:04:49.028+0530][gc,marking  ] GC(5) Concurrent Cleanup for Next Mark
[2024-07-21T22:04:49.032+0530][gc,marking  ] GC(5) Concurrent Cleanup for Next Mark 4.054ms
[2024-07-21T22:04:49.032+0530][gc          ] GC(5) Concurrent Mark Cycle 26.055ms
[2024-07-21T22:27:49.861+0530][gc,start    ] GC(6) Pause Young (Normal) (G1 Evacuation Pause)
[2024-07-21T22:27:49.861+0530][gc,task     ] GC(6) Using 8 workers of 8 for evacuation
[2024-07-21T22:27:49.872+0530][gc,phases   ] GC(6)   Pre Evacuate Collection Set: 0.3ms
[2024-07-21T22:27:49.872+0530][gc,phases   ] GC(6)   Merge Heap Roots: 0.2ms
[2024-07-21T22:27:49.872+0530][gc,phases   ] GC(6)   Evacuate Collection Set: 8.3ms
[2024-07-21T22:27:49.872+0530][gc,phases   ] GC(6)   Post Evacuate Collection Set: 1.4ms
[2024-07-21T22:27:49.872+0530][gc,phases   ] GC(6)   Other: 0.4ms
[2024-07-21T22:27:49.872+0530][gc,heap     ] GC(6) Eden regions: 49->0(47)
[2024-07-21T22:27:49.872+0530][gc,heap     ] GC(6) Survivor regions: 2->4(7)
[2024-07-21T22:27:49.872+0530][gc,heap     ] GC(6) Old regions: 14->14
[2024-07-21T22:27:49.872+0530][gc,heap     ] GC(6) Archive regions: 2->2
[2024-07-21T22:27:49.872+0530][gc,heap     ] GC(6) Humongous regions: 129->129
[2024-07-21T22:27:49.872+0530][gc,metaspace] GC(6) Metaspace: 40431K(40896K)->40431K(40896K) NonClass: 35309K(35584K)->35309K(35584K) Class: 5122K(5312K)->5122K(5312K)
[2024-07-21T22:27:49.872+0530][gc          ] GC(6) Pause Young (Normal) (G1 Evacuation Pause) 193M->146M(1024M) 10.701ms
[2024-07-21T22:27:49.872+0530][gc,cpu      ] GC(6) User=0.07s Sys=0.00s Real=0.02s
[2024-07-21T22:34:34.637+0530][gc,heap,exit] Heap
[2024-07-21T22:34:34.637+0530][gc,heap,exit]  garbage-first heap   total 1048576K, used 197742K [0x00000000c0000000, 0x0000000100000000)
[2024-07-21T22:34:34.637+0530][gc,heap,exit]   region size 1024K, 51 young (52224K), 4 survivors (4096K)
[2024-07-21T22:34:34.637+0530][gc,heap,exit]  Metaspace       used 44203K, committed 44736K, reserved 1114112K
[2024-07-21T22:34:34.637+0530][gc,heap,exit]   class space    used 5656K, committed 5888K, reserved 1048576K
