[2024-07-22T22:07:27.033+0530][gc] Using G1
[2024-07-22T22:07:27.040+0530][gc,init] Version: 17.0.10+8-LTS (release)
[2024-07-22T22:07:27.040+0530][gc,init] CPUs: 8 total, 8 available
[2024-07-22T22:07:27.040+0530][gc,init] Memory: 15828M
[2024-07-22T22:07:27.040+0530][gc,init] Large Page Support: Disabled
[2024-07-22T22:07:27.040+0530][gc,init] NUMA Support: Disabled
[2024-07-22T22:07:27.040+0530][gc,init] Compressed Oops: Enabled (32-bit)
[2024-07-22T22:07:27.040+0530][gc,init] Heap Region Size: 1M
[2024-07-22T22:07:27.040+0530][gc,init] Heap Min Capacity: 1G
[2024-07-22T22:07:27.040+0530][gc,init] Heap Initial Capacity: 1G
[2024-07-22T22:07:27.040+0530][gc,init] Heap Max Capacity: 1G
[2024-07-22T22:07:27.040+0530][gc,init] Pre-touch: Disabled
[2024-07-22T22:07:27.040+0530][gc,init] Parallel Workers: 8
[2024-07-22T22:07:27.040+0530][gc,init] Concurrent Workers: 2
[2024-07-22T22:07:27.040+0530][gc,init] Concurrent Refinement Workers: 8
[2024-07-22T22:07:27.040+0530][gc,init] Periodic GC: Disabled
[2024-07-22T22:07:27.047+0530][gc,metaspace] CDS archive(s) mapped at: [0x00007faa3b000000-0x00007faa3bbc7000-0x00007faa3bbc7000), size 12349440, SharedBaseAddress: 0x00007faa3b000000, ArchiveRelocationMode: 1.
[2024-07-22T22:07:27.047+0530][gc,metaspace] Compressed class space mapped at: 0x00007faa3c000000-0x00007faa7c000000, reserved size: 1073741824
[2024-07-22T22:07:27.047+0530][gc,metaspace] Narrow klass base: 0x00007faa3b000000, Narrow klass shift: 0, Narrow klass range: 0x100000000
[2024-07-22T22:07:29.032+0530][gc,start    ] GC(0) Pause Young (Normal) (G1 Evacuation Pause)
[2024-07-22T22:07:29.032+0530][gc,task     ] GC(0) Using 8 workers of 8 for evacuation
[2024-07-22T22:07:29.038+0530][gc,phases   ] GC(0)   Pre Evacuate Collection Set: 0.1ms
[2024-07-22T22:07:29.038+0530][gc,phases   ] GC(0)   Merge Heap Roots: 0.1ms
[2024-07-22T22:07:29.038+0530][gc,phases   ] GC(0)   Evacuate Collection Set: 4.7ms
[2024-07-22T22:07:29.038+0530][gc,phases   ] GC(0)   Post Evacuate Collection Set: 0.7ms
[2024-07-22T22:07:29.038+0530][gc,phases   ] GC(0)   Other: 0.7ms
[2024-07-22T22:07:29.038+0530][gc,heap     ] GC(0) Eden regions: 51->0(44)
[2024-07-22T22:07:29.038+0530][gc,heap     ] GC(0) Survivor regions: 0->7(7)
[2024-07-22T22:07:29.038+0530][gc,heap     ] GC(0) Old regions: 0->1
[2024-07-22T22:07:29.038+0530][gc,heap     ] GC(0) Archive regions: 2->2
[2024-07-22T22:07:29.038+0530][gc,heap     ] GC(0) Humongous regions: 0->0
[2024-07-22T22:07:29.038+0530][gc,metaspace] GC(0) Metaspace: 18622K(18880K)->18622K(18880K) NonClass: 16227K(16384K)->16227K(16384K) Class: 2395K(2496K)->2395K(2496K)
[2024-07-22T22:07:29.038+0530][gc          ] GC(0) Pause Young (Normal) (G1 Evacuation Pause) 51M->8M(1024M) 6.450ms
[2024-07-22T22:07:29.038+0530][gc,cpu      ] GC(0) User=0.03s Sys=0.01s Real=0.01s
[2024-07-22T22:07:29.365+0530][gc,start    ] GC(1) Pause Young (Concurrent Start) (Metadata GC Threshold)
[2024-07-22T22:07:29.365+0530][gc,task     ] GC(1) Using 8 workers of 8 for evacuation
[2024-07-22T22:07:29.371+0530][gc,phases   ] GC(1)   Pre Evacuate Collection Set: 0.2ms
[2024-07-22T22:07:29.371+0530][gc,phases   ] GC(1)   Merge Heap Roots: 0.1ms
[2024-07-22T22:07:29.371+0530][gc,phases   ] GC(1)   Evacuate Collection Set: 5.2ms
[2024-07-22T22:07:29.371+0530][gc,phases   ] GC(1)   Post Evacuate Collection Set: 0.7ms
[2024-07-22T22:07:29.371+0530][gc,phases   ] GC(1)   Other: 0.3ms
[2024-07-22T22:07:29.371+0530][gc,heap     ] GC(1) Eden regions: 10->0(49)
[2024-07-22T22:07:29.371+0530][gc,heap     ] GC(1) Survivor regions: 7->2(7)
[2024-07-22T22:07:29.371+0530][gc,heap     ] GC(1) Old regions: 1->9
[2024-07-22T22:07:29.371+0530][gc,heap     ] GC(1) Archive regions: 2->2
[2024-07-22T22:07:29.371+0530][gc,heap     ] GC(1) Humongous regions: 0->0
[2024-07-22T22:07:29.371+0530][gc,metaspace] GC(1) Metaspace: 21324K(21504K)->21324K(21504K) NonClass: 18505K(18624K)->18505K(18624K) Class: 2818K(2880K)->2818K(2880K)
[2024-07-22T22:07:29.371+0530][gc          ] GC(1) Pause Young (Concurrent Start) (Metadata GC Threshold) 18M->10M(1024M) 6.472ms
[2024-07-22T22:07:29.371+0530][gc,cpu      ] GC(1) User=0.03s Sys=0.01s Real=0.00s
[2024-07-22T22:07:29.371+0530][gc          ] GC(2) Concurrent Mark Cycle
[2024-07-22T22:07:29.371+0530][gc,marking  ] GC(2) Concurrent Clear Claimed Marks
[2024-07-22T22:07:29.371+0530][gc,marking  ] GC(2) Concurrent Clear Claimed Marks 0.047ms
[2024-07-22T22:07:29.371+0530][gc,marking  ] GC(2) Concurrent Scan Root Regions
[2024-07-22T22:07:29.374+0530][gc,marking  ] GC(2) Concurrent Scan Root Regions 3.219ms
[2024-07-22T22:07:29.375+0530][gc,marking  ] GC(2) Concurrent Mark
[2024-07-22T22:07:29.375+0530][gc,marking  ] GC(2) Concurrent Mark From Roots
[2024-07-22T22:07:29.375+0530][gc,task     ] GC(2) Using 2 workers of 2 for marking
[2024-07-22T22:07:29.377+0530][gc,marking  ] GC(2) Concurrent Mark From Roots 2.740ms
[2024-07-22T22:07:29.377+0530][gc,marking  ] GC(2) Concurrent Preclean
[2024-07-22T22:07:29.377+0530][gc,marking  ] GC(2) Concurrent Preclean 0.079ms
[2024-07-22T22:07:29.378+0530][gc,start    ] GC(2) Pause Remark
[2024-07-22T22:07:29.380+0530][gc          ] GC(2) Pause Remark 10M->10M(1024M) 1.759ms
[2024-07-22T22:07:29.380+0530][gc,cpu      ] GC(2) User=0.01s Sys=0.00s Real=0.00s
[2024-07-22T22:07:29.380+0530][gc,marking  ] GC(2) Concurrent Mark 5.104ms
[2024-07-22T22:07:29.380+0530][gc,marking  ] GC(2) Concurrent Rebuild Remembered Sets
[2024-07-22T22:07:29.384+0530][gc,marking  ] GC(2) Concurrent Rebuild Remembered Sets 4.017ms
[2024-07-22T22:07:29.384+0530][gc,start    ] GC(2) Pause Cleanup
[2024-07-22T22:07:29.384+0530][gc          ] GC(2) Pause Cleanup 10M->10M(1024M) 0.263ms
[2024-07-22T22:07:29.384+0530][gc,cpu      ] GC(2) User=0.00s Sys=0.00s Real=0.01s
[2024-07-22T22:07:29.384+0530][gc,marking  ] GC(2) Concurrent Cleanup for Next Mark
[2024-07-22T22:07:29.390+0530][gc,marking  ] GC(2) Concurrent Cleanup for Next Mark 5.554ms
[2024-07-22T22:07:29.390+0530][gc          ] GC(2) Concurrent Mark Cycle 18.777ms
[2024-07-22T22:07:30.574+0530][gc,start    ] GC(3) Pause Young (Normal) (G1 Evacuation Pause)
[2024-07-22T22:07:30.574+0530][gc,task     ] GC(3) Using 8 workers of 8 for evacuation
[2024-07-22T22:07:30.582+0530][gc,phases   ] GC(3)   Pre Evacuate Collection Set: 0.3ms
[2024-07-22T22:07:30.582+0530][gc,phases   ] GC(3)   Merge Heap Roots: 0.1ms
[2024-07-22T22:07:30.582+0530][gc,phases   ] GC(3)   Evacuate Collection Set: 7.4ms
[2024-07-22T22:07:30.582+0530][gc,phases   ] GC(3)   Post Evacuate Collection Set: 0.7ms
[2024-07-22T22:07:30.582+0530][gc,phases   ] GC(3)   Other: 0.1ms
[2024-07-22T22:07:30.582+0530][gc,heap     ] GC(3) Eden regions: 49->0(44)
[2024-07-22T22:07:30.582+0530][gc,heap     ] GC(3) Survivor regions: 2->7(7)
[2024-07-22T22:07:30.582+0530][gc,heap     ] GC(3) Old regions: 9->9
[2024-07-22T22:07:30.582+0530][gc,heap     ] GC(3) Archive regions: 2->2
[2024-07-22T22:07:30.582+0530][gc,heap     ] GC(3) Humongous regions: 129->129
[2024-07-22T22:07:30.582+0530][gc,metaspace] GC(3) Metaspace: 32583K(32896K)->32583K(32896K) NonClass: 28663K(28800K)->28663K(28800K) Class: 3920K(4096K)->3920K(4096K)
[2024-07-22T22:07:30.582+0530][gc          ] GC(3) Pause Young (Normal) (G1 Evacuation Pause) 188M->144M(1024M) 8.664ms
[2024-07-22T22:07:30.582+0530][gc,cpu      ] GC(3) User=0.04s Sys=0.00s Real=0.00s
[2024-07-22T22:07:30.894+0530][gc,start    ] GC(4) Pause Young (Concurrent Start) (Metadata GC Threshold)
[2024-07-22T22:07:30.894+0530][gc,task     ] GC(4) Using 8 workers of 8 for evacuation
[2024-07-22T22:07:30.902+0530][gc,phases   ] GC(4)   Pre Evacuate Collection Set: 0.2ms
[2024-07-22T22:07:30.902+0530][gc,phases   ] GC(4)   Merge Heap Roots: 0.0ms
[2024-07-22T22:07:30.902+0530][gc,phases   ] GC(4)   Evacuate Collection Set: 7.1ms
[2024-07-22T22:07:30.902+0530][gc,phases   ] GC(4)   Post Evacuate Collection Set: 0.6ms
[2024-07-22T22:07:30.902+0530][gc,phases   ] GC(4)   Other: 0.2ms
[2024-07-22T22:07:30.902+0530][gc,heap     ] GC(4) Eden regions: 15->0(49)
[2024-07-22T22:07:30.902+0530][gc,heap     ] GC(4) Survivor regions: 7->2(7)
[2024-07-22T22:07:30.902+0530][gc,heap     ] GC(4) Old regions: 9->15
[2024-07-22T22:07:30.902+0530][gc,heap     ] GC(4) Archive regions: 2->2
[2024-07-22T22:07:30.902+0530][gc,heap     ] GC(4) Humongous regions: 129->129
[2024-07-22T22:07:30.902+0530][gc,metaspace] GC(4) Metaspace: 35891K(36096K)->35891K(36096K) NonClass: 31519K(31616K)->31519K(31616K) Class: 4371K(4480K)->4371K(4480K)
[2024-07-22T22:07:30.902+0530][gc          ] GC(4) Pause Young (Concurrent Start) (Metadata GC Threshold) 158M->145M(1024M) 8.188ms
[2024-07-22T22:07:30.902+0530][gc,cpu      ] GC(4) User=0.06s Sys=0.00s Real=0.00s
[2024-07-22T22:07:30.902+0530][gc          ] GC(5) Concurrent Mark Cycle
[2024-07-22T22:07:30.902+0530][gc,marking  ] GC(5) Concurrent Clear Claimed Marks
[2024-07-22T22:07:30.902+0530][gc,marking  ] GC(5) Concurrent Clear Claimed Marks 0.031ms
[2024-07-22T22:07:30.902+0530][gc,marking  ] GC(5) Concurrent Scan Root Regions
[2024-07-22T22:07:30.906+0530][gc,marking  ] GC(5) Concurrent Scan Root Regions 4.175ms
[2024-07-22T22:07:30.906+0530][gc,marking  ] GC(5) Concurrent Mark
[2024-07-22T22:07:30.906+0530][gc,marking  ] GC(5) Concurrent Mark From Roots
[2024-07-22T22:07:30.906+0530][gc,task     ] GC(5) Using 2 workers of 2 for marking
[2024-07-22T22:07:30.915+0530][gc,marking  ] GC(5) Concurrent Mark From Roots 8.430ms
[2024-07-22T22:07:30.915+0530][gc,marking  ] GC(5) Concurrent Preclean
[2024-07-22T22:07:30.915+0530][gc,marking  ] GC(5) Concurrent Preclean 0.133ms
[2024-07-22T22:07:30.915+0530][gc,start    ] GC(5) Pause Remark
[2024-07-22T22:07:30.917+0530][gc          ] GC(5) Pause Remark 146M->146M(1024M) 2.273ms
[2024-07-22T22:07:30.917+0530][gc,cpu      ] GC(5) User=0.02s Sys=0.00s Real=0.00s
[2024-07-22T22:07:30.917+0530][gc,marking  ] GC(5) Concurrent Mark 11.041ms
[2024-07-22T22:07:30.917+0530][gc,marking  ] GC(5) Concurrent Rebuild Remembered Sets
[2024-07-22T22:07:30.926+0530][gc,marking  ] GC(5) Concurrent Rebuild Remembered Sets 9.105ms
[2024-07-22T22:07:30.927+0530][gc,start    ] GC(5) Pause Cleanup
[2024-07-22T22:07:30.927+0530][gc          ] GC(5) Pause Cleanup 146M->146M(1024M) 0.217ms
[2024-07-22T22:07:30.927+0530][gc,cpu      ] GC(5) User=0.01s Sys=0.00s Real=0.00s
[2024-07-22T22:07:30.927+0530][gc,marking  ] GC(5) Concurrent Cleanup for Next Mark
[2024-07-22T22:07:30.932+0530][gc,marking  ] GC(5) Concurrent Cleanup for Next Mark 5.523ms
[2024-07-22T22:07:30.933+0530][gc          ] GC(5) Concurrent Mark Cycle 30.529ms
[2024-07-22T23:10:00.731+0530][gc,start    ] GC(6) Pause Young (Prepare Mixed) (G1 Evacuation Pause)
[2024-07-22T23:10:00.731+0530][gc,task     ] GC(6) Using 8 workers of 8 for evacuation
[2024-07-22T23:10:00.737+0530][gc,phases   ] GC(6)   Pre Evacuate Collection Set: 0.4ms
[2024-07-22T23:10:00.737+0530][gc,phases   ] GC(6)   Merge Heap Roots: 0.2ms
[2024-07-22T23:10:00.737+0530][gc,phases   ] GC(6)   Evacuate Collection Set: 4.8ms
[2024-07-22T23:10:00.737+0530][gc,phases   ] GC(6)   Post Evacuate Collection Set: 1.0ms
[2024-07-22T23:10:00.737+0530][gc,phases   ] GC(6)   Other: 0.4ms
[2024-07-22T23:10:00.737+0530][gc,heap     ] GC(6) Eden regions: 49->0(49)
[2024-07-22T23:10:00.737+0530][gc,heap     ] GC(6) Survivor regions: 2->2(7)
[2024-07-22T23:10:00.738+0530][gc,heap     ] GC(6) Old regions: 15->15
[2024-07-22T23:10:00.738+0530][gc,heap     ] GC(6) Archive regions: 2->2
[2024-07-22T23:10:00.738+0530][gc,heap     ] GC(6) Humongous regions: 129->129
[2024-07-22T23:10:00.738+0530][gc,metaspace] GC(6) Metaspace: 37641K(37888K)->37641K(37888K) NonClass: 33149K(33280K)->33149K(33280K) Class: 4491K(4608K)->4491K(4608K)
[2024-07-22T23:10:00.738+0530][gc          ] GC(6) Pause Young (Prepare Mixed) (G1 Evacuation Pause) 194M->145M(1024M) 7.001ms
[2024-07-22T23:10:00.738+0530][gc,cpu      ] GC(6) User=0.03s Sys=0.00s Real=0.01s
[2024-07-23T00:06:02.169+0530][gc,start    ] GC(7) Pause Young (Mixed) (G1 Evacuation Pause)
[2024-07-23T00:06:02.169+0530][gc,task     ] GC(7) Using 8 workers of 8 for evacuation
[2024-07-23T00:06:02.175+0530][gc,phases   ] GC(7)   Pre Evacuate Collection Set: 0.2ms
[2024-07-23T00:06:02.175+0530][gc,phases   ] GC(7)   Merge Heap Roots: 0.1ms
[2024-07-23T00:06:02.175+0530][gc,phases   ] GC(7)   Evacuate Collection Set: 4.9ms
[2024-07-23T00:06:02.175+0530][gc,phases   ] GC(7)   Post Evacuate Collection Set: 0.9ms
[2024-07-23T00:06:02.175+0530][gc,phases   ] GC(7)   Other: 0.2ms
[2024-07-23T00:06:02.175+0530][gc,heap     ] GC(7) Eden regions: 49->0(49)
[2024-07-23T00:06:02.175+0530][gc,heap     ] GC(7) Survivor regions: 2->2(7)
[2024-07-23T00:06:02.175+0530][gc,heap     ] GC(7) Old regions: 15->15
[2024-07-23T00:06:02.175+0530][gc,heap     ] GC(7) Archive regions: 2->2
[2024-07-23T00:06:02.175+0530][gc,heap     ] GC(7) Humongous regions: 129->129
[2024-07-23T00:06:02.175+0530][gc,metaspace] GC(7) Metaspace: 38247K(38592K)->38247K(38592K) NonClass: 33748K(33920K)->33748K(33920K) Class: 4498K(4672K)->4498K(4672K)
[2024-07-23T00:06:02.175+0530][gc          ] GC(7) Pause Young (Mixed) (G1 Evacuation Pause) 194M->145M(1024M) 6.354ms
[2024-07-23T00:06:02.175+0530][gc,cpu      ] GC(7) User=0.03s Sys=0.00s Real=0.01s
[2024-07-23T00:59:27.556+0530][gc,start    ] GC(8) Pause Young (Normal) (G1 Evacuation Pause)
[2024-07-23T00:59:27.556+0530][gc,task     ] GC(8) Using 8 workers of 8 for evacuation
[2024-07-23T00:59:27.562+0530][gc,phases   ] GC(8)   Pre Evacuate Collection Set: 0.3ms
[2024-07-23T00:59:27.562+0530][gc,phases   ] GC(8)   Merge Heap Roots: 0.2ms
[2024-07-23T00:59:27.562+0530][gc,phases   ] GC(8)   Evacuate Collection Set: 5.1ms
[2024-07-23T00:59:27.562+0530][gc,phases   ] GC(8)   Post Evacuate Collection Set: 0.8ms
[2024-07-23T00:59:27.562+0530][gc,phases   ] GC(8)   Other: 0.3ms
[2024-07-23T00:59:27.562+0530][gc,heap     ] GC(8) Eden regions: 49->0(60)
[2024-07-23T00:59:27.562+0530][gc,heap     ] GC(8) Survivor regions: 2->2(7)
[2024-07-23T00:59:27.562+0530][gc,heap     ] GC(8) Old regions: 15->15
[2024-07-23T00:59:27.562+0530][gc,heap     ] GC(8) Archive regions: 2->2
[2024-07-23T00:59:27.562+0530][gc,heap     ] GC(8) Humongous regions: 129->129
[2024-07-23T00:59:27.562+0530][gc,metaspace] GC(8) Metaspace: 38571K(38912K)->38571K(38912K) NonClass: 34073K(34240K)->34073K(34240K) Class: 4498K(4672K)->4498K(4672K)
[2024-07-23T00:59:27.562+0530][gc          ] GC(8) Pause Young (Normal) (G1 Evacuation Pause) 194M->145M(1024M) 6.663ms
[2024-07-23T00:59:27.562+0530][gc,cpu      ] GC(8) User=0.03s Sys=0.00s Real=0.01s
