[2024-07-25T17:53:15.334+0530][gc] Using G1
[2024-07-25T17:53:15.337+0530][gc,init] Version: 17.0.10+8-LTS (release)
[2024-07-25T17:53:15.337+0530][gc,init] CPUs: 8 total, 8 available
[2024-07-25T17:53:15.337+0530][gc,init] Memory: 15828M
[2024-07-25T17:53:15.337+0530][gc,init] Large Page Support: Disabled
[2024-07-25T17:53:15.337+0530][gc,init] NUMA Support: Disabled
[2024-07-25T17:53:15.337+0530][gc,init] Compressed Oops: Enabled (32-bit)
[2024-07-25T17:53:15.337+0530][gc,init] Heap Region Size: 1M
[2024-07-25T17:53:15.337+0530][gc,init] Heap Min Capacity: 512M
[2024-07-25T17:53:15.337+0530][gc,init] Heap Initial Capacity: 512M
[2024-07-25T17:53:15.337+0530][gc,init] Heap Max Capacity: 512M
[2024-07-25T17:53:15.337+0530][gc,init] Pre-touch: Disabled
[2024-07-25T17:53:15.337+0530][gc,init] Parallel Workers: 8
[2024-07-25T17:53:15.337+0530][gc,init] Concurrent Workers: 2
[2024-07-25T17:53:15.337+0530][gc,init] Concurrent Refinement Workers: 8
[2024-07-25T17:53:15.337+0530][gc,init] Periodic GC: Disabled
[2024-07-25T17:53:15.342+0530][gc,metaspace] CDS archive(s) mapped at: [0x00007f6fbb000000-0x00007f6fbbbc7000-0x00007f6fbbbc7000), size 12349440, SharedBaseAddress: 0x00007f6fbb000000, ArchiveRelocationMode: 1.
[2024-07-25T17:53:15.342+0530][gc,metaspace] Compressed class space mapped at: 0x00007f6fbc000000-0x00007f6ffc000000, reserved size: 1073741824
[2024-07-25T17:53:15.342+0530][gc,metaspace] Narrow klass base: 0x00007f6fbb000000, Narrow klass shift: 0, Narrow klass range: 0x100000000
[2024-07-25T17:53:34.621+0530][gc,start    ] GC(0) Pause Young (Normal) (G1 Evacuation Pause)
[2024-07-25T17:53:34.623+0530][gc,task     ] GC(0) Using 8 workers of 8 for evacuation
[2024-07-25T17:53:34.637+0530][gc,phases   ] GC(0)   Pre Evacuate Collection Set: 0.4ms
[2024-07-25T17:53:34.638+0530][gc,phases   ] GC(0)   Merge Heap Roots: 0.2ms
[2024-07-25T17:53:34.638+0530][gc,phases   ] GC(0)   Evacuate Collection Set: 12.1ms
[2024-07-25T17:53:34.638+0530][gc,phases   ] GC(0)   Post Evacuate Collection Set: 1.6ms
[2024-07-25T17:53:34.638+0530][gc,phases   ] GC(0)   Other: 2.6ms
[2024-07-25T17:53:34.638+0530][gc,heap     ] GC(0) Eden regions: 25->0(21)
[2024-07-25T17:53:34.638+0530][gc,heap     ] GC(0) Survivor regions: 0->4(4)
[2024-07-25T17:53:34.638+0530][gc,heap     ] GC(0) Old regions: 0->5
[2024-07-25T17:53:34.638+0530][gc,heap     ] GC(0) Archive regions: 2->2
[2024-07-25T17:53:34.638+0530][gc,heap     ] GC(0) Humongous regions: 0->0
[2024-07-25T17:53:34.638+0530][gc,metaspace] GC(0) Metaspace: 8022K(8192K)->8022K(8192K) NonClass: 7130K(7232K)->7130K(7232K) Class: 892K(960K)->892K(960K)
[2024-07-25T17:53:34.638+0530][gc          ] GC(0) Pause Young (Normal) (G1 Evacuation Pause) 25M->9M(512M) 17.213ms
[2024-07-25T17:53:34.638+0530][gc,cpu      ] GC(0) User=0.06s Sys=0.02s Real=0.02s
[2024-07-25T21:29:22.594+0530][gc,start    ] GC(1) Pause Young (Normal) (G1 Evacuation Pause)
[2024-07-25T21:29:22.594+0530][gc,task     ] GC(1) Using 8 workers of 8 for evacuation
[2024-07-25T21:29:22.600+0530][gc,phases   ] GC(1)   Pre Evacuate Collection Set: 0.2ms
[2024-07-25T21:29:22.600+0530][gc,phases   ] GC(1)   Merge Heap Roots: 0.2ms
[2024-07-25T21:29:22.600+0530][gc,phases   ] GC(1)   Evacuate Collection Set: 5.4ms
[2024-07-25T21:29:22.600+0530][gc,phases   ] GC(1)   Post Evacuate Collection Set: 0.6ms
[2024-07-25T21:29:22.600+0530][gc,phases   ] GC(1)   Other: 0.2ms
[2024-07-25T21:29:22.600+0530][gc,heap     ] GC(1) Eden regions: 21->0(24)
[2024-07-25T21:29:22.600+0530][gc,heap     ] GC(1) Survivor regions: 4->1(4)
[2024-07-25T21:29:22.600+0530][gc,heap     ] GC(1) Old regions: 5->9
[2024-07-25T21:29:22.600+0530][gc,heap     ] GC(1) Archive regions: 2->2
[2024-07-25T21:29:22.600+0530][gc,heap     ] GC(1) Humongous regions: 0->0
[2024-07-25T21:29:22.600+0530][gc,metaspace] GC(1) Metaspace: 9026K(9216K)->9026K(9216K) NonClass: 8082K(8192K)->8082K(8192K) Class: 944K(1024K)->944K(1024K)
[2024-07-25T21:29:22.600+0530][gc          ] GC(1) Pause Young (Normal) (G1 Evacuation Pause) 30M->9M(512M) 6.722ms
[2024-07-25T21:29:22.600+0530][gc,cpu      ] GC(1) User=0.04s Sys=0.00s Real=0.01s
[2024-07-26T00:27:02.536+0530][gc,start    ] GC(2) Pause Young (Normal) (G1 Evacuation Pause)
[2024-07-26T00:27:02.536+0530][gc,task     ] GC(2) Using 8 workers of 8 for evacuation
[2024-07-26T00:27:02.538+0530][gc,phases   ] GC(2)   Pre Evacuate Collection Set: 0.2ms
[2024-07-26T00:27:02.538+0530][gc,phases   ] GC(2)   Merge Heap Roots: 0.1ms
[2024-07-26T00:27:02.538+0530][gc,phases   ] GC(2)   Evacuate Collection Set: 1.5ms
[2024-07-26T00:27:02.538+0530][gc,phases   ] GC(2)   Post Evacuate Collection Set: 0.4ms
[2024-07-26T00:27:02.538+0530][gc,phases   ] GC(2)   Other: 0.2ms
[2024-07-26T00:27:02.538+0530][gc,heap     ] GC(2) Eden regions: 24->0(24)
[2024-07-26T00:27:02.538+0530][gc,heap     ] GC(2) Survivor regions: 1->1(4)
[2024-07-26T00:27:02.538+0530][gc,heap     ] GC(2) Old regions: 9->9
[2024-07-26T00:27:02.538+0530][gc,heap     ] GC(2) Archive regions: 2->2
[2024-07-26T00:27:02.538+0530][gc,heap     ] GC(2) Humongous regions: 0->0
[2024-07-26T00:27:02.538+0530][gc,metaspace] GC(2) Metaspace: 9207K(9344K)->9207K(9344K) NonClass: 8262K(8320K)->8262K(8320K) Class: 944K(1024K)->944K(1024K)
[2024-07-26T00:27:02.538+0530][gc          ] GC(2) Pause Young (Normal) (G1 Evacuation Pause) 33M->9M(512M) 2.426ms
[2024-07-26T00:27:02.538+0530][gc,cpu      ] GC(2) User=0.01s Sys=0.00s Real=0.00s
[2024-07-26T01:14:20.081+0530][gc,start    ] GC(3) Pause Young (Normal) (G1 Evacuation Pause)
[2024-07-26T01:14:20.081+0530][gc,task     ] GC(3) Using 8 workers of 8 for evacuation
[2024-07-26T01:14:20.085+0530][gc,phases   ] GC(3)   Pre Evacuate Collection Set: 0.3ms
[2024-07-26T01:14:20.085+0530][gc,phases   ] GC(3)   Merge Heap Roots: 0.1ms
[2024-07-26T01:14:20.085+0530][gc,phases   ] GC(3)   Evacuate Collection Set: 3.2ms
[2024-07-26T01:14:20.085+0530][gc,phases   ] GC(3)   Post Evacuate Collection Set: 0.4ms
[2024-07-26T01:14:20.085+0530][gc,phases   ] GC(3)   Other: 0.1ms
[2024-07-26T01:14:20.086+0530][gc,heap     ] GC(3) Eden regions: 24->0(24)
[2024-07-26T01:14:20.086+0530][gc,heap     ] GC(3) Survivor regions: 1->1(4)
[2024-07-26T01:14:20.086+0530][gc,heap     ] GC(3) Old regions: 9->9
[2024-07-26T01:14:20.086+0530][gc,heap     ] GC(3) Archive regions: 2->2
[2024-07-26T01:14:20.086+0530][gc,heap     ] GC(3) Humongous regions: 0->0
[2024-07-26T01:14:20.086+0530][gc,metaspace] GC(3) Metaspace: 9331K(9536K)->9331K(9536K) NonClass: 8386K(8512K)->8386K(8512K) Class: 944K(1024K)->944K(1024K)
[2024-07-26T01:14:20.086+0530][gc          ] GC(3) Pause Young (Normal) (G1 Evacuation Pause) 33M->9M(512M) 4.231ms
[2024-07-26T01:14:20.086+0530][gc,cpu      ] GC(3) User=0.01s Sys=0.00s Real=0.01s
[2024-07-26T01:56:13.514+0530][gc,start    ] GC(4) Pause Young (Normal) (G1 Evacuation Pause)
[2024-07-26T01:56:13.514+0530][gc,task     ] GC(4) Using 8 workers of 8 for evacuation
[2024-07-26T01:56:13.516+0530][gc,phases   ] GC(4)   Pre Evacuate Collection Set: 0.1ms
[2024-07-26T01:56:13.516+0530][gc,phases   ] GC(4)   Merge Heap Roots: 0.0ms
[2024-07-26T01:56:13.516+0530][gc,phases   ] GC(4)   Evacuate Collection Set: 1.5ms
[2024-07-26T01:56:13.516+0530][gc,phases   ] GC(4)   Post Evacuate Collection Set: 0.3ms
[2024-07-26T01:56:13.516+0530][gc,phases   ] GC(4)   Other: 0.1ms
[2024-07-26T01:56:13.516+0530][gc,heap     ] GC(4) Eden regions: 24->0(24)
[2024-07-26T01:56:13.516+0530][gc,heap     ] GC(4) Survivor regions: 1->1(4)
[2024-07-26T01:56:13.516+0530][gc,heap     ] GC(4) Old regions: 9->9
[2024-07-26T01:56:13.516+0530][gc,heap     ] GC(4) Archive regions: 2->2
[2024-07-26T01:56:13.516+0530][gc,heap     ] GC(4) Humongous regions: 0->0
[2024-07-26T01:56:13.516+0530][gc,metaspace] GC(4) Metaspace: 9432K(9600K)->9432K(9600K) NonClass: 8487K(8576K)->8487K(8576K) Class: 944K(1024K)->944K(1024K)
[2024-07-26T01:56:13.516+0530][gc          ] GC(4) Pause Young (Normal) (G1 Evacuation Pause) 33M->10M(512M) 2.214ms
[2024-07-26T01:56:13.516+0530][gc,cpu      ] GC(4) User=0.00s Sys=0.00s Real=0.00s
[2024-07-26T02:41:42.617+0530][gc,start    ] GC(5) Pause Young (Normal) (G1 Evacuation Pause)
[2024-07-26T02:41:42.617+0530][gc,task     ] GC(5) Using 8 workers of 8 for evacuation
[2024-07-26T02:41:42.620+0530][gc,phases   ] GC(5)   Pre Evacuate Collection Set: 0.1ms
[2024-07-26T02:41:42.620+0530][gc,phases   ] GC(5)   Merge Heap Roots: 0.0ms
[2024-07-26T02:41:42.620+0530][gc,phases   ] GC(5)   Evacuate Collection Set: 1.9ms
[2024-07-26T02:41:42.620+0530][gc,phases   ] GC(5)   Post Evacuate Collection Set: 0.3ms
[2024-07-26T02:41:42.620+0530][gc,phases   ] GC(5)   Other: 0.1ms
[2024-07-26T02:41:42.620+0530][gc,heap     ] GC(5) Eden regions: 24->0(40)
[2024-07-26T02:41:42.620+0530][gc,heap     ] GC(5) Survivor regions: 1->1(4)
[2024-07-26T02:41:42.620+0530][gc,heap     ] GC(5) Old regions: 9->9
[2024-07-26T02:41:42.620+0530][gc,heap     ] GC(5) Archive regions: 2->2
[2024-07-26T02:41:42.620+0530][gc,heap     ] GC(5) Humongous regions: 0->0
[2024-07-26T02:41:42.620+0530][gc,metaspace] GC(5) Metaspace: 9452K(9600K)->9452K(9600K) NonClass: 8507K(8576K)->8507K(8576K) Class: 944K(1024K)->944K(1024K)
[2024-07-26T02:41:42.620+0530][gc          ] GC(5) Pause Young (Normal) (G1 Evacuation Pause) 34M->10M(512M) 2.626ms
[2024-07-26T02:41:42.620+0530][gc,cpu      ] GC(5) User=0.01s Sys=0.01s Real=0.00s
[2024-07-26T03:55:16.703+0530][gc,start    ] GC(6) Pause Young (Normal) (G1 Evacuation Pause)
[2024-07-26T03:55:16.703+0530][gc,task     ] GC(6) Using 8 workers of 8 for evacuation
[2024-07-26T03:55:16.707+0530][gc,phases   ] GC(6)   Pre Evacuate Collection Set: 0.2ms
[2024-07-26T03:55:16.707+0530][gc,phases   ] GC(6)   Merge Heap Roots: 0.1ms
[2024-07-26T03:55:16.707+0530][gc,phases   ] GC(6)   Evacuate Collection Set: 2.9ms
[2024-07-26T03:55:16.707+0530][gc,phases   ] GC(6)   Post Evacuate Collection Set: 0.4ms
[2024-07-26T03:55:16.707+0530][gc,phases   ] GC(6)   Other: 0.2ms
[2024-07-26T03:55:16.707+0530][gc,heap     ] GC(6) Eden regions: 40->0(130)
[2024-07-26T03:55:16.707+0530][gc,heap     ] GC(6) Survivor regions: 1->2(6)
[2024-07-26T03:55:16.707+0530][gc,heap     ] GC(6) Old regions: 9->9
[2024-07-26T03:55:16.707+0530][gc,heap     ] GC(6) Archive regions: 2->2
[2024-07-26T03:55:16.707+0530][gc,heap     ] GC(6) Humongous regions: 0->0
[2024-07-26T03:55:16.707+0530][gc,metaspace] GC(6) Metaspace: 9497K(9664K)->9497K(9664K) NonClass: 8552K(8640K)->8552K(8640K) Class: 944K(1024K)->944K(1024K)
[2024-07-26T03:55:16.707+0530][gc          ] GC(6) Pause Young (Normal) (G1 Evacuation Pause) 50M->10M(512M) 3.829ms
[2024-07-26T03:55:16.707+0530][gc,cpu      ] GC(6) User=0.01s Sys=0.01s Real=0.00s
[2024-07-26T08:06:57.107+0530][gc,start    ] GC(7) Pause Young (Normal) (G1 Evacuation Pause)
[2024-07-26T08:06:57.107+0530][gc,task     ] GC(7) Using 8 workers of 8 for evacuation
[2024-07-26T08:06:57.113+0530][gc,phases   ] GC(7)   Pre Evacuate Collection Set: 0.2ms
[2024-07-26T08:06:57.113+0530][gc,phases   ] GC(7)   Merge Heap Roots: 0.1ms
[2024-07-26T08:06:57.113+0530][gc,phases   ] GC(7)   Evacuate Collection Set: 4.5ms
[2024-07-26T08:06:57.113+0530][gc,phases   ] GC(7)   Post Evacuate Collection Set: 1.5ms
[2024-07-26T08:06:57.114+0530][gc,phases   ] GC(7)   Other: 0.2ms
[2024-07-26T08:06:57.114+0530][gc,heap     ] GC(7) Eden regions: 130->0(306)
[2024-07-26T08:06:57.114+0530][gc,heap     ] GC(7) Survivor regions: 2->1(17)
[2024-07-26T08:06:57.114+0530][gc,heap     ] GC(7) Old regions: 9->9
[2024-07-26T08:06:57.114+0530][gc,heap     ] GC(7) Archive regions: 2->2
[2024-07-26T08:06:57.114+0530][gc,heap     ] GC(7) Humongous regions: 0->0
[2024-07-26T08:06:57.114+0530][gc,metaspace] GC(7) Metaspace: 9589K(9728K)->9589K(9728K) NonClass: 8644K(8704K)->8644K(8704K) Class: 944K(1024K)->944K(1024K)
[2024-07-26T08:06:57.114+0530][gc          ] GC(7) Pause Young (Normal) (G1 Evacuation Pause) 140M->10M(512M) 6.632ms
[2024-07-26T08:06:57.114+0530][gc,cpu      ] GC(7) User=0.01s Sys=0.00s Real=0.01s
[2024-07-26T09:32:01.147+0530][gc,heap,exit] Heap
[2024-07-26T09:32:01.147+0530][gc,heap,exit]  garbage-first heap   total 524288K, used 37205K [0x00000000e0000000, 0x0000000100000000)
[2024-07-26T09:32:01.148+0530][gc,heap,exit]   region size 1024K, 28 young (28672K), 1 survivors (1024K)
[2024-07-26T09:32:01.148+0530][gc,heap,exit]  Metaspace       used 9607K, committed 9792K, reserved 1114112K
[2024-07-26T09:32:01.148+0530][gc,heap,exit]   class space    used 945K, committed 1024K, reserved 1048576K
