[2024-07-21T21:57:00.850+0530][gc] Using G1
[2024-07-21T21:57:00.855+0530][gc,init] Version: 17.0.10+8-LTS (release)
[2024-07-21T21:57:00.855+0530][gc,init] CPUs: 8 total, 8 available
[2024-07-21T21:57:00.855+0530][gc,init] Memory: 15828M
[2024-07-21T21:57:00.855+0530][gc,init] Large Page Support: Disabled
[2024-07-21T21:57:00.855+0530][gc,init] NUMA Support: Disabled
[2024-07-21T21:57:00.855+0530][gc,init] Compressed Oops: Enabled (32-bit)
[2024-07-21T21:57:00.855+0530][gc,init] Heap Region Size: 1M
[2024-07-21T21:57:00.855+0530][gc,init] Heap Min Capacity: 512M
[2024-07-21T21:57:00.855+0530][gc,init] Heap Initial Capacity: 512M
[2024-07-21T21:57:00.855+0530][gc,init] Heap Max Capacity: 512M
[2024-07-21T21:57:00.855+0530][gc,init] Pre-touch: Disabled
[2024-07-21T21:57:00.855+0530][gc,init] Parallel Workers: 8
[2024-07-21T21:57:00.855+0530][gc,init] Concurrent Workers: 2
[2024-07-21T21:57:00.855+0530][gc,init] Concurrent Refinement Workers: 8
[2024-07-21T21:57:00.855+0530][gc,init] Periodic GC: Disabled
[2024-07-21T21:57:00.862+0530][gc,metaspace] CDS archive(s) mapped at: [0x00007f94d7000000-0x00007f94d7bc7000-0x00007f94d7bc7000), size 12349440, SharedBaseAddress: 0x00007f94d7000000, ArchiveRelocationMode: 1.
[2024-07-21T21:57:00.862+0530][gc,metaspace] Compressed class space mapped at: 0x00007f94d8000000-0x00007f9518000000, reserved size: 1073741824
[2024-07-21T21:57:00.862+0530][gc,metaspace] Narrow klass base: 0x00007f94d7000000, Narrow klass shift: 0, Narrow klass range: 0x100000000
[2024-07-21T21:58:28.663+0530][gc,start    ] GC(0) Pause Young (Normal) (G1 Evacuation Pause)
[2024-07-21T21:58:28.664+0530][gc,task     ] GC(0) Using 8 workers of 8 for evacuation
[2024-07-21T21:58:28.669+0530][gc,phases   ] GC(0)   Pre Evacuate Collection Set: 0.1ms
[2024-07-21T21:58:28.669+0530][gc,phases   ] GC(0)   Merge Heap Roots: 0.1ms
[2024-07-21T21:58:28.669+0530][gc,phases   ] GC(0)   Evacuate Collection Set: 3.7ms
[2024-07-21T21:58:28.669+0530][gc,phases   ] GC(0)   Post Evacuate Collection Set: 0.7ms
[2024-07-21T21:58:28.669+0530][gc,phases   ] GC(0)   Other: 1.4ms
[2024-07-21T21:58:28.669+0530][gc,heap     ] GC(0) Eden regions: 25->0(21)
[2024-07-21T21:58:28.669+0530][gc,heap     ] GC(0) Survivor regions: 0->4(4)
[2024-07-21T21:58:28.669+0530][gc,heap     ] GC(0) Old regions: 0->4
[2024-07-21T21:58:28.669+0530][gc,heap     ] GC(0) Archive regions: 2->2
[2024-07-21T21:58:28.669+0530][gc,heap     ] GC(0) Humongous regions: 0->0
[2024-07-21T21:58:28.669+0530][gc,metaspace] GC(0) Metaspace: 8114K(8320K)->8114K(8320K) NonClass: 7195K(7296K)->7195K(7296K) Class: 918K(1024K)->918K(1024K)
[2024-07-21T21:58:28.669+0530][gc          ] GC(0) Pause Young (Normal) (G1 Evacuation Pause) 25M->8M(512M) 6.129ms
[2024-07-21T21:58:28.669+0530][gc,cpu      ] GC(0) User=0.03s Sys=0.01s Real=0.01s
[2024-07-21T22:34:42.360+0530][gc,heap,exit] Heap
[2024-07-21T22:34:42.361+0530][gc,heap,exit]  garbage-first heap   total 524288K, used 19204K [0x00000000e0000000, 0x0000000100000000)
[2024-07-21T22:34:42.361+0530][gc,heap,exit]   region size 1024K, 15 young (15360K), 4 survivors (4096K)
[2024-07-21T22:34:42.361+0530][gc,heap,exit]  Metaspace       used 8911K, committed 9088K, reserved 1114112K
[2024-07-21T22:34:42.361+0530][gc,heap,exit]   class space    used 942K, committed 1024K, reserved 1048576K
