[2024-07-24T22:30:08.484+0530][gc] Using G1
[2024-07-24T22:30:08.487+0530][gc,init] Version: 17.0.10+8-LTS (release)
[2024-07-24T22:30:08.487+0530][gc,init] CPUs: 8 total, 8 available
[2024-07-24T22:30:08.487+0530][gc,init] Memory: 15828M
[2024-07-24T22:30:08.487+0530][gc,init] Large Page Support: Disabled
[2024-07-24T22:30:08.487+0530][gc,init] NUMA Support: Disabled
[2024-07-24T22:30:08.487+0530][gc,init] Compressed Oops: Enabled (32-bit)
[2024-07-24T22:30:08.487+0530][gc,init] Heap Region Size: 1M
[2024-07-24T22:30:08.487+0530][gc,init] Heap Min Capacity: 512M
[2024-07-24T22:30:08.487+0530][gc,init] Heap Initial Capacity: 512M
[2024-07-24T22:30:08.487+0530][gc,init] Heap Max Capacity: 512M
[2024-07-24T22:30:08.487+0530][gc,init] Pre-touch: Disabled
[2024-07-24T22:30:08.487+0530][gc,init] Parallel Workers: 8
[2024-07-24T22:30:08.487+0530][gc,init] Concurrent Workers: 2
[2024-07-24T22:30:08.487+0530][gc,init] Concurrent Refinement Workers: 8
[2024-07-24T22:30:08.487+0530][gc,init] Periodic GC: Disabled
[2024-07-24T22:30:08.492+0530][gc,metaspace] CDS archive(s) mapped at: [0x00007f048b000000-0x00007f048bbc7000-0x00007f048bbc7000), size 12349440, SharedBaseAddress: 0x00007f048b000000, ArchiveRelocationMode: 1.
[2024-07-24T22:30:08.492+0530][gc,metaspace] Compressed class space mapped at: 0x00007f048c000000-0x00007f04cc000000, reserved size: 1073741824
[2024-07-24T22:30:08.492+0530][gc,metaspace] Narrow klass base: 0x00007f048b000000, Narrow klass shift: 0, Narrow klass range: 0x100000000
[2024-07-24T22:30:45.515+0530][gc,start    ] GC(0) Pause Young (Normal) (G1 Evacuation Pause)
[2024-07-24T22:30:45.516+0530][gc,task     ] GC(0) Using 8 workers of 8 for evacuation
[2024-07-24T22:30:45.518+0530][gc,phases   ] GC(0)   Pre Evacuate Collection Set: 0.1ms
[2024-07-24T22:30:45.519+0530][gc,phases   ] GC(0)   Merge Heap Roots: 0.0ms
[2024-07-24T22:30:45.519+0530][gc,phases   ] GC(0)   Evacuate Collection Set: 2.3ms
[2024-07-24T22:30:45.519+0530][gc,phases   ] GC(0)   Post Evacuate Collection Set: 0.3ms
[2024-07-24T22:30:45.519+0530][gc,phases   ] GC(0)   Other: 0.4ms
[2024-07-24T22:30:45.519+0530][gc,heap     ] GC(0) Eden regions: 25->0(21)
[2024-07-24T22:30:45.519+0530][gc,heap     ] GC(0) Survivor regions: 0->4(4)
[2024-07-24T22:30:45.519+0530][gc,heap     ] GC(0) Old regions: 0->4
[2024-07-24T22:30:45.519+0530][gc,heap     ] GC(0) Archive regions: 2->2
[2024-07-24T22:30:45.519+0530][gc,heap     ] GC(0) Humongous regions: 0->0
[2024-07-24T22:30:45.519+0530][gc,metaspace] GC(0) Metaspace: 8119K(8320K)->8119K(8320K) NonClass: 7200K(7296K)->7200K(7296K) Class: 918K(1024K)->918K(1024K)
[2024-07-24T22:30:45.519+0530][gc          ] GC(0) Pause Young (Normal) (G1 Evacuation Pause) 25M->8M(512M) 3.102ms
[2024-07-24T22:30:45.519+0530][gc,cpu      ] GC(0) User=0.01s Sys=0.01s Real=0.00s
[2024-07-25T08:06:16.609+0530][gc,start    ] GC(1) Pause Young (Normal) (G1 Evacuation Pause)
[2024-07-25T08:06:16.609+0530][gc,task     ] GC(1) Using 8 workers of 8 for evacuation
[2024-07-25T08:06:16.612+0530][gc,phases   ] GC(1)   Pre Evacuate Collection Set: 0.1ms
[2024-07-25T08:06:16.612+0530][gc,phases   ] GC(1)   Merge Heap Roots: 0.0ms
[2024-07-25T08:06:16.612+0530][gc,phases   ] GC(1)   Evacuate Collection Set: 2.7ms
[2024-07-25T08:06:16.612+0530][gc,phases   ] GC(1)   Post Evacuate Collection Set: 0.3ms
[2024-07-25T08:06:16.612+0530][gc,phases   ] GC(1)   Other: 0.1ms
[2024-07-25T08:06:16.612+0530][gc,heap     ] GC(1) Eden regions: 21->0(24)
[2024-07-25T08:06:16.612+0530][gc,heap     ] GC(1) Survivor regions: 4->1(4)
[2024-07-25T08:06:16.612+0530][gc,heap     ] GC(1) Old regions: 4->8
[2024-07-25T08:06:16.612+0530][gc,heap     ] GC(1) Archive regions: 2->2
[2024-07-25T08:06:16.612+0530][gc,heap     ] GC(1) Humongous regions: 0->0
[2024-07-25T08:06:16.612+0530][gc,metaspace] GC(1) Metaspace: 9091K(9216K)->9091K(9216K) NonClass: 8148K(8192K)->8148K(8192K) Class: 942K(1024K)->942K(1024K)
[2024-07-25T08:06:16.612+0530][gc          ] GC(1) Pause Young (Normal) (G1 Evacuation Pause) 29M->9M(512M) 3.198ms
[2024-07-25T08:06:16.612+0530][gc,cpu      ] GC(1) User=0.01s Sys=0.00s Real=0.01s
[2024-07-25T11:24:20.571+0530][gc,heap,exit] Heap
[2024-07-25T11:24:20.572+0530][gc,heap,exit]  garbage-first heap   total 524288K, used 29337K [0x00000000e0000000, 0x0000000100000000)
[2024-07-25T11:24:20.572+0530][gc,heap,exit]   region size 1024K, 21 young (21504K), 1 survivors (1024K)
[2024-07-25T11:24:20.572+0530][gc,heap,exit]  Metaspace       used 9151K, committed 9344K, reserved 1114112K
[2024-07-25T11:24:20.572+0530][gc,heap,exit]   class space    used 943K, committed 1024K, reserved 1048576K
